Component: ARM Compiler 5.06 update 6 (build 750) Tool: armlink [4d35ed]

==============================================================================

Section Cross References

    interrupts_hc32l13x.o(i.EnableNvic) refers to interrupts_hc32l13x.o(i.__NVIC_SetPriority) for __NVIC_SetPriority
    interrupts_hc32l13x.o(i.LPTIM_IRQHandler) refers to voltage.o(i.LpTim_IRQHandler) for LpTim_IRQHandler
    interrupts_hc32l13x.o(i.PORTB_IRQHandler) refers to voltage.o(i.PortB_IRQHandler) for PortB_IRQHandler
    interrupts_hc32l13x.o(i.PORTC_IRQHandler) refers to voltage.o(i.PortC_IRQHandler) for PortC_IRQHandler
    interrupts_hc32l13x.o(i.TIM0_IRQHandler) refers to timer.o(i.Tim0_IRQHandler) for Tim0_IRQHandler
    interrupts_hc32l13x.o(i.UART0_IRQHandler) refers to uart_main.o(i.Uart0_IRQHandler) for Uart0_IRQHandler
    interrupts_hc32l13x.o(i.WDT_IRQHandler) refers to iwdg.o(i.Wdt_IRQHandler) for Wdt_IRQHandler
    system_hc32l13x.o(i.$Sub$$main) refers to system_hc32l13x.o(i.SystemInit) for SystemInit
    system_hc32l13x.o(i.$Sub$$main) refers to main.o(i.main) for $Super$$main
    system_hc32l13x.o(i.SystemCoreClockUpdate) refers to system_hc32l13x.o(.data) for SystemCoreClock
    system_hc32l13x.o(i.SystemInit) refers to system_hc32l13x.o(i.SystemCoreClockUpdate) for SystemCoreClockUpdate
    system_hc32l13x.o(i.SystemInit) refers to system_hc32l13x.o(i._HidePinInit) for _HidePinInit
    startup_hc32l13x.o(RESET) refers to startup_hc32l13x.o(STACK) for __initial_sp
    startup_hc32l13x.o(RESET) refers to startup_hc32l13x.o(.text) for Reset_Handler
    startup_hc32l13x.o(RESET) refers to interrupts_hc32l13x.o(i.HardFault_Handler) for HardFault_Handler
    startup_hc32l13x.o(RESET) refers to interrupts_hc32l13x.o(i.SysTick_Handler) for SysTick_Handler
    startup_hc32l13x.o(RESET) refers to interrupts_hc32l13x.o(i.PORTA_IRQHandler) for PORTA_IRQHandler
    startup_hc32l13x.o(RESET) refers to interrupts_hc32l13x.o(i.PORTB_IRQHandler) for PORTB_IRQHandler
    startup_hc32l13x.o(RESET) refers to interrupts_hc32l13x.o(i.PORTC_IRQHandler) for PORTC_IRQHandler
    startup_hc32l13x.o(RESET) refers to interrupts_hc32l13x.o(i.PORTD_IRQHandler) for PORTD_IRQHandler
    startup_hc32l13x.o(RESET) refers to interrupts_hc32l13x.o(i.DMAC_IRQHandler) for DMAC_IRQHandler
    startup_hc32l13x.o(RESET) refers to interrupts_hc32l13x.o(i.TIM3_IRQHandler) for TIM3_IRQHandler
    startup_hc32l13x.o(RESET) refers to interrupts_hc32l13x.o(i.UART0_IRQHandler) for UART0_IRQHandler
    startup_hc32l13x.o(RESET) refers to interrupts_hc32l13x.o(i.UART1_IRQHandler) for UART1_IRQHandler
    startup_hc32l13x.o(RESET) refers to interrupts_hc32l13x.o(i.LPUART0_IRQHandler) for LPUART0_IRQHandler
    startup_hc32l13x.o(RESET) refers to interrupts_hc32l13x.o(i.LPUART1_IRQHandler) for LPUART1_IRQHandler
    startup_hc32l13x.o(RESET) refers to interrupts_hc32l13x.o(i.SPI0_IRQHandler) for SPI0_IRQHandler
    startup_hc32l13x.o(RESET) refers to interrupts_hc32l13x.o(i.SPI1_IRQHandler) for SPI1_IRQHandler
    startup_hc32l13x.o(RESET) refers to interrupts_hc32l13x.o(i.I2C0_IRQHandler) for I2C0_IRQHandler
    startup_hc32l13x.o(RESET) refers to interrupts_hc32l13x.o(i.I2C1_IRQHandler) for I2C1_IRQHandler
    startup_hc32l13x.o(RESET) refers to interrupts_hc32l13x.o(i.TIM0_IRQHandler) for TIM0_IRQHandler
    startup_hc32l13x.o(RESET) refers to interrupts_hc32l13x.o(i.TIM1_IRQHandler) for TIM1_IRQHandler
    startup_hc32l13x.o(RESET) refers to interrupts_hc32l13x.o(i.TIM2_IRQHandler) for TIM2_IRQHandler
    startup_hc32l13x.o(RESET) refers to interrupts_hc32l13x.o(i.LPTIM_IRQHandler) for LPTIM_IRQHandler
    startup_hc32l13x.o(RESET) refers to interrupts_hc32l13x.o(i.TIM4_IRQHandler) for TIM4_IRQHandler
    startup_hc32l13x.o(RESET) refers to interrupts_hc32l13x.o(i.TIM5_IRQHandler) for TIM5_IRQHandler
    startup_hc32l13x.o(RESET) refers to interrupts_hc32l13x.o(i.TIM6_IRQHandler) for TIM6_IRQHandler
    startup_hc32l13x.o(RESET) refers to interrupts_hc32l13x.o(i.PCA_IRQHandler) for PCA_IRQHandler
    startup_hc32l13x.o(RESET) refers to interrupts_hc32l13x.o(i.WDT_IRQHandler) for WDT_IRQHandler
    startup_hc32l13x.o(RESET) refers to interrupts_hc32l13x.o(i.RTC_IRQHandler) for RTC_IRQHandler
    startup_hc32l13x.o(RESET) refers to interrupts_hc32l13x.o(i.ADC_IRQHandler) for ADC_IRQHandler
    startup_hc32l13x.o(RESET) refers to interrupts_hc32l13x.o(i.PCNT_IRQHandler) for PCNT_IRQHandler
    startup_hc32l13x.o(RESET) refers to interrupts_hc32l13x.o(i.VC0_IRQHandler) for VC0_IRQHandler
    startup_hc32l13x.o(RESET) refers to interrupts_hc32l13x.o(i.VC1_IRQHandler) for VC1_IRQHandler
    startup_hc32l13x.o(RESET) refers to interrupts_hc32l13x.o(i.LVD_IRQHandler) for LVD_IRQHandler
    startup_hc32l13x.o(RESET) refers to interrupts_hc32l13x.o(i.LCD_IRQHandler) for LCD_IRQHandler
    startup_hc32l13x.o(RESET) refers to interrupts_hc32l13x.o(i.FLASH_RAM_IRQHandler) for FLASH_RAM_IRQHandler
[...]
    Removing arm_nntables.o(.rev16_text), (4 bytes).
    Removing arm_nntables.o(.revsh_text), (4 bytes).
    Removing arm_nntables.o(.constdata), (2816 bytes).
    Removing arm_q7_to_q15_no_shift.o(.rev16_text), (4 bytes).
    Removing arm_q7_to_q15_no_shift.o(.revsh_text), (4 bytes).
    Removing arm_q7_to_q15_no_shift.o(i.arm_q7_to_q15_no_shift), (26 bytes).
    Removing arm_q7_to_q15_reordered_no_shift.o(.rev16_text), (4 bytes).
    Removing arm_q7_to_q15_reordered_no_shift.o(.revsh_text), (4 bytes).
    Removing arm_q7_to_q15_reordered_no_shift.o(i.arm_q7_to_q15_reordered_no_shift), (26 bytes).
    Removing arm_pool_q7_hwc.o(.rev16_text), (4 bytes).
    Removing arm_pool_q7_hwc.o(.revsh_text), (4 bytes).
    Removing arm_pool_q7_hwc.o(i.arm_avepool_q7_HWC), (206 bytes).
    Removing arm_pool_q7_hwc.o(i.arm_maxpool_q7_HWC), (200 bytes).
    Removing arm_softmax_q15.o(.rev16_text), (4 bytes).
    Removing arm_softmax_q15.o(.revsh_text), (4 bytes).
    Removing arm_softmax_q15.o(i.arm_softmax_q15), (288 bytes).
    Removing arm_softmax_q7.o(.rev16_text), (4 bytes).
    Removing arm_softmax_q7.o(.revsh_text), (4 bytes).
    Removing arm_softmax_q7.o(i.arm_softmax_q7), (268 bytes).
    Removing fmul.o(.text), (122 bytes).
    Removing dadd.o(.text), (356 bytes).
    Removing dmul.o(.text), (208 bytes).
    Removing ddiv.o(.text), (240 bytes).
    Removing fflti.o(.text), (22 bytes).
    Removing ffixi.o(.text), (50 bytes).
    Removing ffixl.o(.text), (64 bytes).
    Removing cdcmple.o(.text), (40 bytes).
    Removing cfcmple.o(.text), (20 bytes).
    Removing cfrcmple.o(.text), (20 bytes).
    Removing fsqrt.o(.text), (88 bytes).
    Removing depilogue.o(.text), (190 bytes).
    Removing basicmathfunctions.o(i.__ARM_common_ll_mulss), (48 bytes).
    Removing depilogue.o(i.__ARM_clz), (46 bytes).

640 unused section(s) (total 818846 bytes) removed from the image.

==============================================================================

Image Symbol Table

    Local Symbols

    Symbol Name                              Value     Ov Type        Size  Object(Section)

    RESET                                    0x00000000   Section      192  startup_hc32l13x.o(RESET)
    ../clib/microlib/division.c              0x00000000   Number         0  uldiv.o ABSOLUTE
    ../clib/microlib/division.c              0x00000000   Number         0  ldiv.o ABSOLUTE
    ../clib/microlib/division.c              0x00000000   Number         0  uidiv.o ABSOLUTE
    ../clib/microlib/division.c              0x00000000   Number         0  idiv.o ABSOLUTE
    ../clib/microlib/errno.c                 0x00000000   Number         0  errno.o ABSOLUTE
    ../clib/microlib/init/entry.s            0x00000000   Number         0  entry9a.o ABSOLUTE
    ../clib/microlib/init/entry.s            0x00000000   Number         0  entry9b.o ABSOLUTE
    ../clib/microlib/init/entry.s            0x00000000   Number         0  entry10a.o ABSOLUTE
    ../clib/microlib/init/entry.s            0x00000000   Number         0  entry11a.o ABSOLUTE
    ../clib/microlib/init/entry.s            0x00000000   Number         0  entry7a.o ABSOLUTE
    ../clib/microlib/init/entry.s            0x00000000   Number         0  entry11b.o ABSOLUTE
    ../clib/microlib/init/entry.s            0x00000000   Number         0  entry2.o ABSOLUTE
    ../clib/microlib/init/entry.s            0x00000000   Number         0  entry10b.o ABSOLUTE
    ../clib/microlib/init/entry.s            0x00000000   Number         0  entry.o ABSOLUTE
    ../clib/microlib/init/entry.s            0x00000000   Number         0  entry5.o ABSOLUTE
    ../clib/microlib/init/entry.s            0x00000000   Number         0  entry7b.o ABSOLUTE
    ../clib/microlib/init/entry.s            0x00000000   Number         0  entry8a.o ABSOLUTE
    ../clib/microlib/init/entry.s            0x00000000   Number         0  entry8b.o ABSOLUTE
    ../clib/microlib/longlong.c              0x00000000   Number         0  llsshr.o ABSOLUTE
    ../clib/microlib/longlong.c              0x00000000   Number         0  llmul.o ABSOLUTE
    ../clib/microlib/longlong.c              0x00000000   Number         0  llshl.o ABSOLUTE
    ../clib/microlib/longlong.c              0x00000000   Number         0  llushr.o ABSOLUTE
    ../clib/microlib/string/memcpy.c         0x00000000   Number         0  memcpya.o ABSOLUTE
    ../clib/microlib/string/memcpy.c         0x00000000   Number         0  memcpyb.o ABSOLUTE
    ../clib/microlib/string/memset.c         0x00000000   Number         0  memseta.o ABSOLUTE
    ../clib/microlib/stubs.s                 0x00000000   Number         0  useno.o ABSOLUTE
    ../clib/microlib/stubs.s                 0x00000000   Number         0  iusefp.o ABSOLUTE
    ../fplib/microlib/fpadd.c                0x00000000   Number         0  fadd.o ABSOLUTE
    ../fplib/microlib/fpadd.c                0x00000000   Number         0  dadd.o ABSOLUTE
    ../fplib/microlib/fpdiv.c                0x00000000   Number         0  fdiv.o ABSOLUTE
    ../fplib/microlib/fpdiv.c                0x00000000   Number         0  ddiv.o ABSOLUTE
    ../fplib/microlib/fpepilogue.c           0x00000000   Number         0  fepilogue.o ABSOLUTE
    ../fplib/microlib/fpepilogue.c           0x00000000   Number         0  depilogue.o ABSOLUTE
    ../fplib/microlib/fpfix.c                0x00000000   Number         0  ffixl.o ABSOLUTE
    ../fplib/microlib/fpfix.c                0x00000000   Number         0  ffixui.o ABSOLUTE
    ../fplib/microlib/fpfix.c                0x00000000   Number         0  ffixi.o ABSOLUTE
    ../fplib/microlib/fpflt.c                0x00000000   Number         0  ffltui.o ABSOLUTE
    ../fplib/microlib/fpflt.c                0x00000000   Number         0  fflti.o ABSOLUTE
    ../fplib/microlib/fpmul.c                0x00000000   Number         0  dmul.o ABSOLUTE
    ../fplib/microlib/fpmul.c                0x00000000   Number         0  fmul.o ABSOLUTE
    ../fplib/microlib/fpsqrt.c               0x00000000   Number         0  fsqrt.o ABSOLUTE
    ../mathlib/sqrtf.c                       0x00000000   Number         0  sqrtf_x.o ABSOLUTE
    ../mathlib/sqrtf.c                       0x00000000   Number         0  sqrtf.o ABSOLUTE
    D:\Keil MDK\ARM\PACK\ARM\CMSIS\5.5.1\CMSIS\DSP\Source\BasicMathFunctions\BasicMathFunctions.c 0x00000000   Number         0  basicmathfunctions.o ABSOLUTE
    D:\Keil MDK\ARM\PACK\ARM\CMSIS\5.5.1\CMSIS\DSP\Source\CommonTables\CommonTables.c 0x00000000   Number         0  commontables.o ABSOLUTE
    D:\Keil MDK\ARM\PACK\ARM\CMSIS\5.5.1\CMSIS\DSP\Source\ComplexMathFunctions\ComplexMathFunctions.c 0x00000000   Number         0  complexmathfunctions.o ABSOLUTE
    D:\Keil MDK\ARM\PACK\ARM\CMSIS\5.5.1\CMSIS\DSP\Source\ControllerFunctions\ControllerFunctions.c 0x00000000   Number         0  controllerfunctions.o ABSOLUTE
    D:\Keil MDK\ARM\PACK\ARM\CMSIS\5.5.1\CMSIS\DSP\Source\FastMathFunctions\FastMathFunctions.c 0x00000000   Number         0  fastmathfunctions.o ABSOLUTE
    D:\Keil MDK\ARM\PACK\ARM\CMSIS\5.5.1\CMSIS\DSP\Source\FilteringFunctions\FilteringFunctions.c 0x00000000   Number         0  filteringfunctions.o ABSOLUTE
    D:\Keil MDK\ARM\PACK\ARM\CMSIS\5.5.1\CMSIS\DSP\Source\MatrixFunctions\MatrixFunctions.c 0x00000000   Number         0  matrixfunctions.o ABSOLUTE
    D:\Keil MDK\ARM\PACK\ARM\CMSIS\5.5.1\CMSIS\DSP\Source\StatisticsFunctions\StatisticsFunctions.c 0x00000000   Number         0  statisticsfunctions.o ABSOLUTE
    D:\Keil MDK\ARM\PACK\ARM\CMSIS\5.5.1\CMSIS\DSP\Source\SupportFunctions\SupportFunctions.c 0x00000000   Number         0  supportfunctions.o ABSOLUTE
    D:\Keil MDK\ARM\PACK\ARM\CMSIS\5.5.1\CMSIS\DSP\Source\TransformFunctions\TransformFunctions.c 0x00000000   Number         0  transformfunctions.o ABSOLUTE
    D:\Keil MDK\ARM\PACK\ARM\CMSIS\5.5.1\CMSIS\NN\Source\ActivationFunctions\arm_nn_activations_q15.c 0x00000000   Number         0  arm_nn_activations_q15.o ABSOLUTE
    D:\Keil MDK\ARM\PACK\ARM\CMSIS\5.5.1\CMSIS\NN\Source\ActivationFunctions\arm_nn_activations_q7.c 0x00000000   Number         0  arm_nn_activations_q7.o ABSOLUTE
    D:\Keil MDK\ARM\PACK\ARM\CMSIS\5.5.1\CMSIS\NN\Source\ActivationFunctions\arm_relu_q15.c 0x00000000   Number         0  arm_relu_q15.o ABSOLUTE
    D:\Keil MDK\ARM\PACK\ARM\CMSIS\5.5.1\CMSIS\NN\Source\ActivationFunctions\arm_relu_q7.c 0x00000000   Number         0  arm_relu_q7.o ABSOLUTE
    D:\Keil MDK\ARM\PACK\ARM\CMSIS\5.5.1\CMSIS\NN\Source\ConvolutionFunctions\arm_convolve_1x1_HWC_q7_fast_nonsquare.c 0x00000000   Number         0  arm_convolve_1x1_hwc_q7_fast_nonsquare.o ABSOLUTE
    D:\Keil MDK\ARM\PACK\ARM\CMSIS\5.5.1\CMSIS\NN\Source\ConvolutionFunctions\arm_convolve_HWC_q15_basic.c 0x00000000   Number         0  arm_convolve_hwc_q15_basic.o ABSOLUTE
    D:\Keil MDK\ARM\PACK\ARM\CMSIS\5.5.1\CMSIS\NN\Source\ConvolutionFunctions\arm_convolve_HWC_q15_fast.c 0x00000000   Number         0  arm_convolve_hwc_q15_fast.o ABSOLUTE
    D:\Keil MDK\ARM\PACK\ARM\CMSIS\5.5.1\CMSIS\NN\Source\ConvolutionFunctions\arm_convolve_HWC_q7_RGB.c 0x00000000   Number         0  arm_convolve_hwc_q7_rgb.o ABSOLUTE
    D:\Keil MDK\ARM\PACK\ARM\CMSIS\5.5.1\CMSIS\NN\Source\ConvolutionFunctions\arm_convolve_HWC_q7_basic.c 0x00000000   Number         0  arm_convolve_hwc_q7_basic.o ABSOLUTE
    D:\Keil MDK\ARM\PACK\ARM\CMSIS\5.5.1\CMSIS\NN\Source\ConvolutionFunctions\arm_convolve_HWC_q7_basic_nonsquare.c 0x00000000   Number         0  arm_convolve_hwc_q7_basic_nonsquare.o ABSOLUTE
    D:\Keil MDK\ARM\PACK\ARM\CMSIS\5.5.1\CMSIS\NN\Source\ConvolutionFunctions\arm_convolve_HWC_q7_fast.c 0x00000000   Number         0  arm_convolve_hwc_q7_fast.o ABSOLUTE
    D:\Keil MDK\ARM\PACK\ARM\CMSIS\5.5.1\CMSIS\NN\Source\ConvolutionFunctions\arm_convolve_HWC_q7_fast_nonsquare.c 0x00000000   Number         0  arm_convolve_hwc_q7_fast_nonsquare.o ABSOLUTE
    D:\Keil MDK\ARM\PACK\ARM\CMSIS\5.5.1\CMSIS\NN\Source\ConvolutionFunctions\arm_depthwise_separable_conv_HWC_q7.c 0x00000000   Number         0  arm_depthwise_separable_conv_hwc_q7.o ABSOLUTE
    D:\Keil MDK\ARM\PACK\ARM\CMSIS\5.5.1\CMSIS\NN\Source\ConvolutionFunctions\arm_depthwise_separable_conv_HWC_q7_nonsquare.c 0x00000000   Number         0  arm_depthwise_separable_conv_hwc_q7_nonsquare.o ABSOLUTE
    D:\Keil MDK\ARM\PACK\ARM\CMSIS\5.5.1\CMSIS\NN\Source\ConvolutionFunctions\arm_nn_mat_mult_kernel_q7_q15.c 0x00000000   Number         0  arm_nn_mat_mult_kernel_q7_q15.o ABSOLUTE
    D:\Keil MDK\ARM\PACK\ARM\CMSIS\5.5.1\CMSIS\NN\Source\ConvolutionFunctions\arm_nn_mat_mult_kernel_q7_q15_reordered.c 0x00000000   Number         0  arm_nn_mat_mult_kernel_q7_q15_reordered.o ABSOLUTE
    D:\Keil MDK\ARM\PACK\ARM\CMSIS\5.5.1\CMSIS\NN\Source\FullyConnectedFunctions\arm_fully_connected_mat_q7_vec_q15.c 0x00000000   Number         0  arm_fully_connected_mat_q7_vec_q15.o ABSOLUTE
    D:\Keil MDK\ARM\PACK\ARM\CMSIS\5.5.1\CMSIS\NN\Source\FullyConnectedFunctions\arm_fully_connected_mat_q7_vec_q15_opt.c 0x00000000   Number         0  arm_fully_connected_mat_q7_vec_q15_opt.o ABSOLUTE
    D:\Keil MDK\ARM\PACK\ARM\CMSIS\5.5.1\CMSIS\NN\Source\FullyConnectedFunctions\arm_fully_connected_q15.c 0x00000000   Number         0  arm_fully_connected_q15.o ABSOLUTE
    D:\Keil MDK\ARM\PACK\ARM\CMSIS\5.5.1\CMSIS\NN\Source\FullyConnectedFunctions\arm_fully_connected_q15_opt.c 0x00000000   Number         0  arm_fully_connected_q15_opt.o ABSOLUTE
    D:\Keil MDK\ARM\PACK\ARM\CMSIS\5.5.1\CMSIS\NN\Source\FullyConnectedFunctions\arm_fully_connected_q7.c 0x00000000   Number         0  arm_fully_connected_q7.o ABSOLUTE
    D:\Keil MDK\ARM\PACK\ARM\CMSIS\5.5.1\CMSIS\NN\Source\FullyConnectedFunctions\arm_fully_connected_q7_opt.c 0x00000000   Number         0  arm_fully_connected_q7_opt.o ABSOLUTE
    D:\Keil MDK\ARM\PACK\ARM\CMSIS\5.5.1\CMSIS\NN\Source\NNSupportFunctions\arm_nn_mult_q15.c 0x00000000   Number         0  arm_nn_mult_q15.o ABSOLUTE
    D:\Keil MDK\ARM\PACK\ARM\CMSIS\5.5.1\CMSIS\NN\Source\NNSupportFunctions\arm_nn_mult_q7.c 0x00000000   Number         0  arm_nn_mult_q7.o ABSOLUTE
    D:\Keil MDK\ARM\PACK\ARM\CMSIS\5.5.1\CMSIS\NN\Source\NNSupportFunctions\arm_nntables.c 0x00000000   Number         0  arm_nntables.o ABSOLUTE
    D:\Keil MDK\ARM\PACK\ARM\CMSIS\5.5.1\CMSIS\NN\Source\NNSupportFunctions\arm_q7_to_q15_no_shift.c 0x00000000   Number         0  arm_q7_to_q15_no_shift.o ABSOLUTE
    D:\Keil MDK\ARM\PACK\ARM\CMSIS\5.5.1\CMSIS\NN\Source\NNSupportFunctions\arm_q7_to_q15_reordered_no_shift.c 0x00000000   Number         0  arm_q7_to_q15_reordered_no_shift.o ABSOLUTE
    D:\Keil MDK\ARM\PACK\ARM\CMSIS\5.5.1\CMSIS\NN\Source\PoolingFunctions\arm_pool_q7_HWC.c 0x00000000   Number         0  arm_pool_q7_hwc.o ABSOLUTE
    D:\Keil MDK\ARM\PACK\ARM\CMSIS\5.5.1\CMSIS\NN\Source\SoftmaxFunctions\arm_softmax_q15.c 0x00000000   Number         0  arm_softmax_q15.o ABSOLUTE
    D:\Keil MDK\ARM\PACK\ARM\CMSIS\5.5.1\CMSIS\NN\Source\SoftmaxFunctions\arm_softmax_q7.c 0x00000000   Number         0  arm_softmax_q7.o ABSOLUTE
    D:\\Keil MDK\\ARM\\PACK\\ARM\\CMSIS\\5.5.1\\CMSIS\\DSP\\Source\\BasicMathFunctions\\BasicMathFunctions.c 0x00000000   Number         0  basicmathfunctions.o ABSOLUTE
    D:\\Keil MDK\\ARM\\PACK\\ARM\\CMSIS\\5.5.1\\CMSIS\\DSP\\Source\\CommonTables\\CommonTables.c 0x00000000   Number         0  commontables.o ABSOLUTE
    D:\\Keil MDK\\ARM\\PACK\\ARM\\CMSIS\\5.5.1\\CMSIS\\DSP\\Source\\ComplexMathFunctions\\ComplexMathFunctions.c 0x00000000   Number         0  complexmathfunctions.o ABSOLUTE
    D:\\Keil MDK\\ARM\\PACK\\ARM\\CMSIS\\5.5.1\\CMSIS\\DSP\\Source\\ControllerFunctions\\ControllerFunctions.c 0x00000000   Number         0  controllerfunctions.o ABSOLUTE
    D:\\Keil MDK\\ARM\\PACK\\ARM\\CMSIS\\5.5.1\\CMSIS\\DSP\\Source\\FastMathFunctions\\FastMathFunctions.c 0x00000000   Number         0  fastmathfunctions.o ABSOLUTE
    D:\\Keil MDK\\ARM\\PACK\\ARM\\CMSIS\\5.5.1\\CMSIS\\DSP\\Source\\FilteringFunctions\\FilteringFunctions.c 0x00000000   Number         0  filteringfunctions.o ABSOLUTE
    D:\\Keil MDK\\ARM\\PACK\\ARM\\CMSIS\\5.5.1\\CMSIS\\DSP\\Source\\MatrixFunctions\\MatrixFunctions.c 0x00000000   Number         0  matrixfunctions.o ABSOLUTE
    D:\\Keil MDK\\ARM\\PACK\\ARM\\CMSIS\\5.5.1\\CMSIS\\DSP\\Source\\StatisticsFunctions\\StatisticsFunctions.c 0x00000000   Number         0  statisticsfunctions.o ABSOLUTE
    D:\\Keil MDK\\ARM\\PACK\\ARM\\CMSIS\\5.5.1\\CMSIS\\DSP\\Source\\SupportFunctions\\SupportFunctions.c 0x00000000   Number         0  supportfunctions.o ABSOLUTE
    D:\\Keil MDK\\ARM\\PACK\\ARM\\CMSIS\\5.5.1\\CMSIS\\DSP\\Source\\TransformFunctions\\TransformFunctions.c 0x00000000   Number         0  transformfunctions.o ABSOLUTE
    D:\\Keil MDK\\ARM\\PACK\\ARM\\CMSIS\\5.5.1\\CMSIS\\NN\\Source\\ActivationFunctions\\arm_nn_activations_q15.c 0x00000000   Number         0  arm_nn_activations_q15.o ABSOLUTE
    D:\\Keil MDK\\ARM\\PACK\\ARM\\CMSIS\\5.5.1\\CMSIS\\NN\\Source\\ActivationFunctions\\arm_nn_activations_q7.c 0x00000000   Number         0  arm_nn_activations_q7.o ABSOLUTE
    D:\\Keil MDK\\ARM\\PACK\\ARM\\CMSIS\\5.5.1\\CMSIS\\NN\\Source\\ActivationFunctions\\arm_relu_q15.c 0x00000000   Number         0  arm_relu_q15.o ABSOLUTE
    D:\\Keil MDK\\ARM\\PACK\\ARM\\CMSIS\\5.5.1\\CMSIS\\NN\\Source\\ActivationFunctions\\arm_relu_q7.c 0x00000000   Number         0  arm_relu_q7.o ABSOLUTE
    D:\\Keil MDK\\ARM\\PACK\\ARM\\CMSIS\\5.5.1\\CMSIS\\NN\\Source\\ConvolutionFunctions\\arm_convolve_1x1_HWC_q7_fast_nonsquare.c 0x00000000   Number         0  arm_convolve_1x1_hwc_q7_fast_nonsquare.o ABSOLUTE
    D:\\Keil MDK\\ARM\\PACK\\ARM\\CMSIS\\5.5.1\\CMSIS\\NN\\Source\\ConvolutionFunctions\\arm_convolve_HWC_q15_basic.c 0x00000000   Number         0  arm_convolve_hwc_q15_basic.o ABSOLUTE
    D:\\Keil MDK\\ARM\\PACK\\ARM\\CMSIS\\5.5.1\\CMSIS\\NN\\Source\\ConvolutionFunctions\\arm_convolve_HWC_q15_fast.c 0x00000000   Number         0  arm_convolve_hwc_q15_fast.o ABSOLUTE
    D:\\Keil MDK\\ARM\\PACK\\ARM\\CMSIS\\5.5.1\\CMSIS\\NN\\Source\\ConvolutionFunctions\\arm_convolve_HWC_q7_RGB.c 0x00000000   Number         0  arm_convolve_hwc_q7_rgb.o ABSOLUTE
    D:\\Keil MDK\\ARM\\PACK\\ARM\\CMSIS\\5.5.1\\CMSIS\\NN\\Source\\ConvolutionFunctions\\arm_convolve_HWC_q7_basic.c 0x00000000   Number         0  arm_convolve_hwc_q7_basic.o ABSOLUTE
    D:\\Keil MDK\\ARM\\PACK\\ARM\\CMSIS\\5.5.1\\CMSIS\\NN\\Source\\ConvolutionFunctions\\arm_convolve_HWC_q7_basic_nonsquare.c 0x00000000   Number         0  arm_convolve_hwc_q7_basic_nonsquare.o ABSOLUTE
    D:\\Keil MDK\\ARM\\PACK\\ARM\\CMSIS\\5.5.1\\CMSIS\\NN\\Source\\ConvolutionFunctions\\arm_convolve_HWC_q7_fast.c 0x00000000   Number         0  arm_convolve_hwc_q7_fast.o ABSOLUTE
    D:\\Keil MDK\\ARM\\PACK\\ARM\\CMSIS\\5.5.1\\CMSIS\\NN\\Source\\ConvolutionFunctions\\arm_convolve_HWC_q7_fast_nonsquare.c 0x00000000   Number         0  arm_convolve_hwc_q7_fast_nonsquare.o ABSOLUTE
    D:\\Keil MDK\\ARM\\PACK\\ARM\\CMSIS\\5.5.1\\CMSIS\\NN\\Source\\ConvolutionFunctions\\arm_depthwise_separable_conv_HWC_q7.c 0x00000000   Number         0  arm_depthwise_separable_conv_hwc_q7.o ABSOLUTE
    D:\\Keil MDK\\ARM\\PACK\\ARM\\CMSIS\\5.5.1\\CMSIS\\NN\\Source\\ConvolutionFunctions\\arm_depthwise_separable_conv_HWC_q7_nonsquare.c 0x00000000   Number         0  arm_depthwise_separable_conv_hwc_q7_nonsquare.o ABSOLUTE
    D:\\Keil MDK\\ARM\\PACK\\ARM\\CMSIS\\5.5.1\\CMSIS\\NN\\Source\\ConvolutionFunctions\\arm_nn_mat_mult_kernel_q7_q15.c 0x00000000   Number         0  arm_nn_mat_mult_kernel_q7_q15.o ABSOLUTE
    D:\\Keil MDK\\ARM\\PACK\\ARM\\CMSIS\\5.5.1\\CMSIS\\NN\\Source\\ConvolutionFunctions\\arm_nn_mat_mult_kernel_q7_q15_reordered.c 0x00000000   Number         0  arm_nn_mat_mult_kernel_q7_q15_reordered.o ABSOLUTE
    D:\\Keil MDK\\ARM\\PACK\\ARM\\CMSIS\\5.5.1\\CMSIS\\NN\\Source\\FullyConnectedFunctions\\arm_fully_connected_mat_q7_vec_q15.c 0x00000000   Number         0  arm_fully_connected_mat_q7_vec_q15.o ABSOLUTE
    D:\\Keil MDK\\ARM\\PACK\\ARM\\CMSIS\\5.5.1\\CMSIS\\NN\\Source\\FullyConnectedFunctions\\arm_fully_connected_mat_q7_vec_q15_opt.c 0x00000000   Number         0  arm_fully_connected_mat_q7_vec_q15_opt.o ABSOLUTE
    D:\\Keil MDK\\ARM\\PACK\\ARM\\CMSIS\\5.5.1\\CMSIS\\NN\\Source\\FullyConnectedFunctions\\arm_fully_connected_q15.c 0x00000000   Number         0  arm_fully_connected_q15.o ABSOLUTE
    D:\\Keil MDK\\ARM\\PACK\\ARM\\CMSIS\\5.5.1\\CMSIS\\NN\\Source\\FullyConnectedFunctions\\arm_fully_connected_q15_opt.c 0x00000000   Number         0  arm_fully_connected_q15_opt.o ABSOLUTE
    D:\\Keil MDK\\ARM\\PACK\\ARM\\CMSIS\\5.5.1\\CMSIS\\NN\\Source\\FullyConnectedFunctions\\arm_fully_connected_q7.c 0x00000000   Number         0  arm_fully_connected_q7.o ABSOLUTE
    D:\\Keil MDK\\ARM\\PACK\\ARM\\CMSIS\\5.5.1\\CMSIS\\NN\\Source\\FullyConnectedFunctions\\arm_fully_connected_q7_opt.c 0x00000000   Number         0  arm_fully_connected_q7_opt.o ABSOLUTE
    D:\\Keil MDK\\ARM\\PACK\\ARM\\CMSIS\\5.5.1\\CMSIS\\NN\\Source\\NNSupportFunctions\\arm_nn_mult_q15.c 0x00000000   Number         0  arm_nn_mult_q15.o ABSOLUTE
    D:\\Keil MDK\\ARM\\PACK\\ARM\\CMSIS\\5.5.1\\CMSIS\\NN\\Source\\NNSupportFunctions\\arm_nn_mult_q7.c 0x00000000   Number         0  arm_nn_mult_q7.o ABSOLUTE
    D:\\Keil MDK\\ARM\\PACK\\ARM\\CMSIS\\5.5.1\\CMSIS\\NN\\Source\\NNSupportFunctions\\arm_nntables.c 0x00000000   Number         0  arm_nntables.o ABSOLUTE
    D:\\Keil MDK\\ARM\\PACK\\ARM\\CMSIS\\5.5.1\\CMSIS\\NN\\Source\\NNSupportFunctions\\arm_q7_to_q15_no_shift.c 0x00000000   Number         0  arm_q7_to_q15_no_shift.o ABSOLUTE
    D:\\Keil MDK\\ARM\\PACK\\ARM\\CMSIS\\5.5.1\\CMSIS\\NN\\Source\\NNSupportFunctions\\arm_q7_to_q15_reordered_no_shift.c 0x00000000   Number         0  arm_q7_to_q15_reordered_no_shift.o ABSOLUTE
    D:\\Keil MDK\\ARM\\PACK\\ARM\\CMSIS\\5.5.1\\CMSIS\\NN\\Source\\PoolingFunctions\\arm_pool_q7_HWC.c 0x00000000   Number         0  arm_pool_q7_hwc.o ABSOLUTE
    D:\\Keil MDK\\ARM\\PACK\\ARM\\CMSIS\\5.5.1\\CMSIS\\NN\\Source\\SoftmaxFunctions\\arm_softmax_q15.c 0x00000000   Number         0  arm_softmax_q15.o ABSOLUTE
    D:\\Keil MDK\\ARM\\PACK\\ARM\\CMSIS\\5.5.1\\CMSIS\\NN\\Source\\SoftmaxFunctions\\arm_softmax_q7.c 0x00000000   Number         0  arm_softmax_q7.o ABSOLUTE
    DeviceDriver\\interrupts_hc32l13x.c      0x00000000   Number         0  interrupts_hc32l13x.o ABSOLUTE
    DeviceDriver\\src\\bt.c                  0x00000000   Number         0  bt.o ABSOLUTE
    DeviceDriver\\src\\ddl.c                 0x00000000   Number         0  ddl.o ABSOLUTE
    DeviceDriver\\src\\dmac.c                0x00000000   Number         0  dmac.o ABSOLUTE
    DeviceDriver\\src\\flash.c               0x00000000   Number         0  flash.o ABSOLUTE
    DeviceDriver\\src\\gpio.c                0x00000000   Number         0  gpio.o ABSOLUTE
    DeviceDriver\\src\\lpm.c                 0x00000000   Number         0  lpm.o ABSOLUTE
    DeviceDriver\\src\\lptim.c               0x00000000   Number         0  lptim.o ABSOLUTE
    DeviceDriver\\src\\reset.c               0x00000000   Number         0  reset.o ABSOLUTE
    DeviceDriver\\src\\rtc.c                 0x00000000   Number         0  rtc.o ABSOLUTE
    DeviceDriver\\src\\sysctrl.c             0x00000000   Number         0  sysctrl.o ABSOLUTE
    DeviceDriver\\src\\uart.c                0x00000000   Number         0  uart.o ABSOLUTE
    DeviceDriver\\system_hc32l13x.c          0x00000000   Number         0  system_hc32l13x.o ABSOLUTE
    DeviceDriver\interrupts_hc32l13x.c       0x00000000   Number         0  interrupts_hc32l13x.o ABSOLUTE
    DeviceDriver\src\bt.c                    0x00000000   Number         0  bt.o ABSOLUTE
    DeviceDriver\src\ddl.c                   0x00000000   Number         0  ddl.o ABSOLUTE
    DeviceDriver\src\dmac.c                  0x00000000   Number         0  dmac.o ABSOLUTE
    DeviceDriver\src\flash.c                 0x00000000   Number         0  flash.o ABSOLUTE
    DeviceDriver\src\gpio.c                  0x00000000   Number         0  gpio.o ABSOLUTE
    DeviceDriver\src\lpm.c                   0x00000000   Number         0  lpm.o ABSOLUTE
    DeviceDriver\src\lptim.c                 0x00000000   Number         0  lptim.o ABSOLUTE
    DeviceDriver\src\reset.c                 0x00000000   Number         0  reset.o ABSOLUTE
    DeviceDriver\src\rtc.c                   0x00000000   Number         0  rtc.o ABSOLUTE
    DeviceDriver\src\sysctrl.c               0x00000000   Number         0  sysctrl.o ABSOLUTE
    DeviceDriver\src\uart.c                  0x00000000   Number         0  uart.o ABSOLUTE
    DeviceDriver\startup_hc32l13x.s          0x00000000   Number         0  startup_hc32l13x.o ABSOLUTE
    DeviceDriver\system_hc32l13x.c           0x00000000   Number         0  system_hc32l13x.o ABSOLUTE
    UserDriver\CRC-8.c                       0x00000000   Number         0  crc-8.o ABSOLUTE
    UserDriver\DELAY.c                       0x00000000   Number         0  delay.o ABSOLUTE
    UserDriver\EEPROM.c                      0x00000000   Number         0  eeprom.o ABSOLUTE
    UserDriver\FLASH_IAP.c                   0x00000000   Number         0  flash_iap.o ABSOLUTE
    UserDriver\IWDG.c                        0x00000000   Number         0  iwdg.o ABSOLUTE
    UserDriver\LED.c                         0x00000000   Number         0  led.o ABSOLUTE
    UserDriver\TIMER.c                       0x00000000   Number         0  timer.o ABSOLUTE
    UserDriver\UART_MAIN.c                   0x00000000   Number         0  uart_main.o ABSOLUTE
    UserDriver\UART_READER.c                 0x00000000   Number         0  uart_reader.o ABSOLUTE
    UserDriver\VOLTAGE.c                     0x00000000   Number         0  voltage.o ABSOLUTE
    UserDriver\\DELAY.c                      0x00000000   Number         0  delay.o ABSOLUTE
    UserDriver\\EEPROM.c                     0x00000000   Number         0  eeprom.o ABSOLUTE
    UserDriver\\FLASH_IAP.c                  0x00000000   Number         0  flash_iap.o ABSOLUTE
    UserDriver\\IWDG.c                       0x00000000   Number         0  iwdg.o ABSOLUTE
    UserDriver\\LED.c                        0x00000000   Number         0  led.o ABSOLUTE
    UserDriver\\TIMER.c                      0x00000000   Number         0  timer.o ABSOLUTE
    UserDriver\\UART_MAIN.c                  0x00000000   Number         0  uart_main.o ABSOLUTE
    UserDriver\\UART_READER.c                0x00000000   Number         0  uart_reader.o ABSOLUTE
    UserDriver\\VOLTAGE.c                    0x00000000   Number         0  voltage.o ABSOLUTE
    User\\main.c                             0x00000000   Number         0  main.o ABSOLUTE
    User\main.c                              0x00000000   Number         0  main.o ABSOLUTE
    cdcmple.s                                0x00000000   Number         0  cdcmple.o ABSOLUTE
    cfcmple.s                                0x00000000   Number         0  cfcmple.o ABSOLUTE
    cfrcmple.s                               0x00000000   Number         0  cfrcmple.o ABSOLUTE
    dc.s                                     0x00000000   Number         0  dc.o ABSOLUTE
    handlers.s                               0x00000000   Number         0  handlers.o ABSOLUTE
    init.s                                   0x00000000   Number         0  init.o ABSOLUTE
    .ARM.Collect$$$$00000000                 0x000000c0   Section        0  entry.o(.ARM.Collect$$$$00000000)
    .ARM.Collect$$$$00000001                 0x000000c0   Section        4  entry2.o(.ARM.Collect$$$$00000001)
    .ARM.Collect$$$$00000004                 0x000000c4   Section        4  entry5.o(.ARM.Collect$$$$00000004)
    .ARM.Collect$$$$00000008                 0x000000c8   Section        0  entry7b.o(.ARM.Collect$$$$00000008)
    .ARM.Collect$$$$0000000A                 0x000000c8   Section        0  entry8b.o(.ARM.Collect$$$$0000000A)
    .ARM.Collect$$$$0000000B                 0x000000c8   Section        8  entry9a.o(.ARM.Collect$$$$0000000B)
    .ARM.Collect$$$$0000000D                 0x000000d0   Section        0  entry10a.o(.ARM.Collect$$$$0000000D)
    .ARM.Collect$$$$0000000F                 0x000000d0   Section        0  entry11a.o(.ARM.Collect$$$$0000000F)
    .ARM.Collect$$$$00002712                 0x000000d0   Section        4  entry2.o(.ARM.Collect$$$$00002712)
    __lit__00000000                          0x000000d0   Data           4  entry2.o(.ARM.Collect$$$$00002712)
    .emb_text                                0x000000d4   Section       16  flash_iap.o(.emb_text)
    .text                                    0x000000e4   Section       60  startup_hc32l13x.o(.text)
    .text                                    0x00000120   Section        0  uidiv.o(.text)
    .text                                    0x0000014c   Section        0  memcpya.o(.text)
    .text                                    0x00000170   Section        0  memseta.o(.text)
    .text                                    0x00000194   Section        0  fadd.o(.text)
    .text                                    0x00000246   Section        0  fdiv.o(.text)
    .text                                    0x000002c2   Section        0  ffltui.o(.text)
    .text                                    0x000002d0   Section        0  ffixui.o(.text)
    .text                                    0x000002f8   Section        0  fepilogue.o(.text)
    .text                                    0x000002f8   Section        0  iusefp.o(.text)
    .text                                    0x0000037c   Section       36  init.o(.text)
    i.$Sub$$main                             0x000003a0   Section        0  system_hc32l13x.o(i.$Sub$$main)
    i.ADC_IRQHandler                         0x000003ae   Section        0  interrupts_hc32l13x.o(i.ADC_IRQHandler)
    i.AutoEmptyUART0ReceiveBuf               0x000003b8   Section        0  uart_main.o(i.AutoEmptyUART0ReceiveBuf)
    i.AutoReceiveUartReaderSourceData        0x000003e0   Section        0  uart_reader.o(i.AutoReceiveUartReaderSourceData)
    i.AutoTurnOnDiscernLightDeal             0x00000af8   Section        0  uart_main.o(i.AutoTurnOnDiscernLightDeal)
    i.Bt_ClearIntFlag                        0x00000b04   Section        0  bt.o(i.Bt_ClearIntFlag)
    i.Bt_GetIntFlag                          0x00000b20   Section        0  bt.o(i.Bt_GetIntFlag)
    i.Bt_M0_ARRSet                           0x00000b3c   Section        0  bt.o(i.Bt_M0_ARRSet)
    i.Bt_M0_Cnt16Set                         0x00000b5c   Section        0  bt.o(i.Bt_M0_Cnt16Set)
    i.Bt_M0_Run                              0x00000b7c   Section        0  bt.o(i.Bt_M0_Run)
    i.Bt_M0_Stop                             0x00000b98   Section        0  bt.o(i.Bt_M0_Stop)
    i.Bt_Mode0_EnableIrq                     0x00000bb4   Section        0  bt.o(i.Bt_Mode0_EnableIrq)
    i.Bt_Mode0_Init                          0x00000bd0   Section        0  bt.o(i.Bt_Mode0_Init)
    i.CLKTRIM_IRQHandler                     0x00000c68   Section        0  interrupts_hc32l13x.o(i.CLKTRIM_IRQHandler)
    i.CheckVoltageIOInit                     0x00000c70   Section        0  voltage.o(i.CheckVoltageIOInit)
    i.CheckVoltageIO_LEVEL_READ              0x00000cb8   Section        0  voltage.o(i.CheckVoltageIO_LEVEL_READ)
    i.DMAC_IRQHandler                        0x00000cd2   Section        0  interrupts_hc32l13x.o(i.DMAC_IRQHandler)
    i.Delay_ms                               0x00000cda   Section        0  delay.o(i.Delay_ms)
    i.Delay_us                               0x00000cf2   Section        0  delay.o(i.Delay_us)
    i.DiscernPowerControl                    0x00000cfe   Section        0  voltage.o(i.DiscernPowerControl)
    i.DiscernPowerIOInit                     0x00000d1e   Section        0  voltage.o(i.DiscernPowerIOInit)
    i.Dma_ClrStat                            0x00000d48   Section        0  dmac.o(i.Dma_ClrStat)
    i.Dma_DisableChannel                     0x00000d60   Section        0  dmac.o(i.Dma_DisableChannel)
    i.Dma_Enable                             0x00000d78   Section        0  dmac.o(i.Dma_Enable)
    i.Dma_EnableChannel                      0x00000d8c   Section        0  dmac.o(i.Dma_EnableChannel)
    i.Dma_GetStat                            0x00000da4   Section        0  dmac.o(i.Dma_GetStat)
    i.Dma_InitChannel                        0x00000dbc   Section        0  dmac.o(i.Dma_InitChannel)
    i.EepromInit                             0x00000e5c   Section        0  eeprom.o(i.EepromInit)
    i.EepromReadImportantInfo                0x00000eb0   Section        0  eeprom.o(i.EepromReadImportantInfo)
    i.EepromSaveImportantInfo                0x00000f78   Section        0  eeprom.o(i.EepromSaveImportantInfo)
    i.EmptyUART0ReceiveBuf                   0x000010d0   Section        0  uart_main.o(i.EmptyUART0ReceiveBuf)
    i.EnableNvic                             0x00001104   Section        0  interrupts_hc32l13x.o(i.EnableNvic)
    i.FLASH_RAM_IRQHandler                   0x00001184   Section        0  interrupts_hc32l13x.o(i.FLASH_RAM_IRQHandler)
    i.FlashWriteData                         0x00001190   Section        0  eeprom.o(i.FlashWriteData)
    i.Flash_Init                             0x00001280   Section        0  flash.o(i.Flash_Init)
    i.Flash_LockAll                          0x0000134c   Section        0  flash.o(i.Flash_LockAll)
    i.Flash_SectorErase                      0x00001368   Section        0  flash.o(i.Flash_SectorErase)
    i.Flash_UnlockAll                        0x00001418   Section        0  flash.o(i.Flash_UnlockAll)
    i.Flash_WaitCycle                        0x00001438   Section        0  flash.o(i.Flash_WaitCycle)
    i.Flash_WriteHalfWord                    0x0000146c   Section        0  flash.o(i.Flash_WriteHalfWord)
    i.GetBit                                 0x0000151c   Section        0  ddl.o(i.GetBit)
    i.GetFlashSize                           0x00001528   Section        0  eeprom.o(i.GetFlashSize)
    i.Get_Crc8_LookUp                        0x00001538   Section        0  crc-8.o(i.Get_Crc8_LookUp)
    i.Gpio_ClearIrq                          0x0000155c   Section        0  gpio.o(i.Gpio_ClearIrq)
    i.Gpio_ClrIO                             0x00001578   Section        0  gpio.o(i.Gpio_ClrIO)
    i.Gpio_EnableIrq                         0x00001594   Section        0  gpio.o(i.Gpio_EnableIrq)
    i.Gpio_GetInputIO                        0x000015b8   Section        0  gpio.o(i.Gpio_GetInputIO)
    i.Gpio_GetIrqStatus                      0x000015d0   Section        0  gpio.o(i.Gpio_GetIrqStatus)
    i.Gpio_Init                              0x000015e8   Section        0  gpio.o(i.Gpio_Init)
    i.Gpio_SetAfMode                         0x00001678   Section        0  gpio.o(i.Gpio_SetAfMode)
    i.Gpio_SetIO                             0x0000168c   Section        0  gpio.o(i.Gpio_SetIO)
    i.HardFault_Handler                      0x000016a8   Section        0  interrupts_hc32l13x.o(i.HardFault_Handler)
    i.I2C0_IRQHandler                        0x000016e8   Section        0  interrupts_hc32l13x.o(i.I2C0_IRQHandler)
    i.I2C1_IRQHandler                        0x000016f0   Section        0  interrupts_hc32l13x.o(i.I2C1_IRQHandler)
    i.LCD_IRQHandler                         0x000016f8   Section        0  interrupts_hc32l13x.o(i.LCD_IRQHandler)
    i.LEDAutoJump                            0x00001700   Section        0  led.o(i.LEDAutoJump)
    i.LEDAutoLamp                            0x00001738   Section        0  led.o(i.LEDAutoLamp)
    i.LEDIOInit                              0x00001824   Section        0  led.o(i.LEDIOInit)
    i.LEDOnOrOff                             0x0000187c   Section        0  led.o(i.LEDOnOrOff)
    i.LPTIM_IRQHandler                       0x00001902   Section        0  interrupts_hc32l13x.o(i.LPTIM_IRQHandler)
    i.LPUART0_IRQHandler                     0x0000190a   Section        0  interrupts_hc32l13x.o(i.LPUART0_IRQHandler)
    i.LPUART1_IRQHandler                     0x00001912   Section        0  interrupts_hc32l13x.o(i.LPUART1_IRQHandler)
    i.LVD_IRQHandler                         0x0000191a   Section        0  interrupts_hc32l13x.o(i.LVD_IRQHandler)
    i.LowPowerModeConfig                     0x00001922   Section        0  voltage.o(i.LowPowerModeConfig)
    i.LpTim_IRQHandler                       0x000019b4   Section        0  voltage.o(i.LpTim_IRQHandler)
    i.Lpm_GotoDeepSleep                      0x000019d8   Section        0  lpm.o(i.Lpm_GotoDeepSleep)
    i.Lptim_ClrItStatus                      0x000019fc   Section        0  lptim.o(i.Lptim_ClrItStatus)
    i.Lptim_GetItStatus                      0x00001a0e   Section        0  lptim.o(i.Lptim_GetItStatus)
    i.MCURestart                             0x00001a20   Section        0  main.o(i.MCURestart)
    i.PCA_IRQHandler                         0x00001a60   Section        0  interrupts_hc32l13x.o(i.PCA_IRQHandler)
    i.PCNT_IRQHandler                        0x00001a68   Section        0  interrupts_hc32l13x.o(i.PCNT_IRQHandler)
    i.PORTA_IRQHandler                       0x00001a70   Section        0  interrupts_hc32l13x.o(i.PORTA_IRQHandler)
    i.PORTB_IRQHandler                       0x00001a78   Section        0  interrupts_hc32l13x.o(i.PORTB_IRQHandler)
    i.PORTC_IRQHandler                       0x00001a80   Section        0  interrupts_hc32l13x.o(i.PORTC_IRQHandler)
    i.PORTD_IRQHandler                       0x00001a88   Section        0  interrupts_hc32l13x.o(i.PORTD_IRQHandler)
    i.PortB_IRQHandler                       0x00001a90   Section        0  voltage.o(i.PortB_IRQHandler)
    i.PortC_IRQHandler                       0x00001aa8   Section        0  voltage.o(i.PortC_IRQHandler)
    i.RTC_IRQHandler                         0x00001aaa   Section        0  interrupts_hc32l13x.o(i.RTC_IRQHandler)
    i.SPI0_IRQHandler                        0x00001ab2   Section        0  interrupts_hc32l13x.o(i.SPI0_IRQHandler)
    i.SPI1_IRQHandler                        0x00001aba   Section        0  interrupts_hc32l13x.o(i.SPI1_IRQHandler)
    i.SetBit                                 0x00001ac2   Section        0  ddl.o(i.SetBit)
    i.SetSysClockConfig                      0x00001ae0   Section        0  main.o(i.SetSysClockConfig)
    i.StartUpAllMcuIoInit                    0x00001b28   Section        0  main.o(i.StartUpAllMcuIoInit)
    i.StartUpInit                            0x00001c44   Section        0  main.o(i.StartUpInit)
    i.SysTick_Handler                        0x00001da4   Section        0  interrupts_hc32l13x.o(i.SysTick_Handler)
    i.Sysctrl_ClkSourceEnable                0x00001dac   Section        0  sysctrl.o(i.Sysctrl_ClkSourceEnable)
    i.Sysctrl_GetHClkFreq                    0x00001f18   Section        0  sysctrl.o(i.Sysctrl_GetHClkFreq)
    i.Sysctrl_GetPClkFreq                    0x0000208c   Section        0  sysctrl.o(i.Sysctrl_GetPClkFreq)
    i.Sysctrl_SetPLLFreq                     0x000020ac   Section        0  sysctrl.o(i.Sysctrl_SetPLLFreq)
    i.Sysctrl_SetPLLStableTime               0x000021c0   Section        0  sysctrl.o(i.Sysctrl_SetPLLStableTime)
    i.Sysctrl_SetPeripheralGate              0x000021e4   Section        0  sysctrl.o(i.Sysctrl_SetPeripheralGate)
    i.Sysctrl_SysClkSwitch                   0x000021fc   Section        0  sysctrl.o(i.Sysctrl_SysClkSwitch)
    i.SystemCoreClockUpdate                  0x00002228   Section        0  system_hc32l13x.o(i.SystemCoreClockUpdate)
    i.SystemInit                             0x00002238   Section        0  system_hc32l13x.o(i.SystemInit)
    i.TIM0_IRQHandler                        0x00002278   Section        0  interrupts_hc32l13x.o(i.TIM0_IRQHandler)
    i.TIM1_IRQHandler                        0x00002280   Section        0  interrupts_hc32l13x.o(i.TIM1_IRQHandler)
    i.TIM2_IRQHandler                        0x00002288   Section        0  interrupts_hc32l13x.o(i.TIM2_IRQHandler)
    i.TIM3_IRQHandler                        0x00002290   Section        0  interrupts_hc32l13x.o(i.TIM3_IRQHandler)
    i.TIM4_IRQHandler                        0x00002298   Section        0  interrupts_hc32l13x.o(i.TIM4_IRQHandler)
    i.TIM5_IRQHandler                        0x000022a0   Section        0  interrupts_hc32l13x.o(i.TIM5_IRQHandler)
    i.TIM6_IRQHandler                        0x000022a8   Section        0  interrupts_hc32l13x.o(i.TIM6_IRQHandler)
    i.Tim0_IRQHandler                        0x000022b0   Section        0  timer.o(i.Tim0_IRQHandler)
    i.Timer0Init                             0x000023cc   Section        0  timer.o(i.Timer0Init)
    i.UART0_IRQHandler                       0x0000244c   Section        0  interrupts_hc32l13x.o(i.UART0_IRQHandler)
    i.UART1_IRQHandler                       0x00002454   Section        0  interrupts_hc32l13x.o(i.UART1_IRQHandler)
    i.UARTMainDeal                           0x0000245c   Section        0  uart_main.o(i.UARTMainDeal)
    i.USART0ForWordSendData                  0x000024a8   Section        0  uart_main.o(i.USART0ForWordSendData)
    i.USART0_TX_DMA_AutoClrStat              0x00002510   Section        0  uart_main.o(i.USART0_TX_DMA_AutoClrStat)
    i.USART0_TX_DMA_Init                     0x00002534   Section        0  uart_main.o(i.USART0_TX_DMA_Init)
    i.USART1ControlLight                     0x000025a0   Section        0  uart_main.o(i.USART1ControlLight)
    i.USART2Init                             0x000027a0   Section        0  uart_main.o(i.USART2Init)
    i.Uart0_IRQHandler                       0x000028b0   Section        0  uart_main.o(i.Uart0_IRQHandler)
    i.Uart_ClrStatus                         0x00002a4c   Section        0  uart.o(i.Uart_ClrStatus)
    i.Uart_EnableFunc                        0x00002a62   Section        0  uart.o(i.Uart_EnableFunc)
    i.Uart_EnableIrq                         0x00002a76   Section        0  uart.o(i.Uart_EnableIrq)
    i.Uart_GetStatus                         0x00002a8a   Section        0  uart.o(i.Uart_GetStatus)
    i.Uart_Init                              0x00002aa4   Section        0  uart.o(i.Uart_Init)
    i.Uart_ReceiveData                       0x00002b38   Section        0  uart.o(i.Uart_ReceiveData)
    i.UpgradeReplyCommandCreate              0x00002b40   Section        0  uart_reader.o(i.UpgradeReplyCommandCreate)
    i.VC0_IRQHandler                         0x00002cb0   Section        0  interrupts_hc32l13x.o(i.VC0_IRQHandler)
    i.VC1_IRQHandler                         0x00002cb8   Section        0  interrupts_hc32l13x.o(i.VC1_IRQHandler)
    i.WDT_IRQHandler                         0x00002cc0   Section        0  interrupts_hc32l13x.o(i.WDT_IRQHandler)
    i.WatchDogFeed                           0x00002cc8   Section        0  iwdg.o(i.WatchDogFeed)
    i.WatchDogInit                           0x00002cd4   Section        0  iwdg.o(i.WatchDogInit)
    i.Wdt_Feed                               0x00002d14   Section        0  iwdg.o(i.Wdt_Feed)
    i.Wdt_IRQHandler                         0x00002d24   Section        0  iwdg.o(i.Wdt_IRQHandler)
    i.Wdt_IrqClr                             0x00002d40   Section        0  iwdg.o(i.Wdt_IrqClr)
    i.Wdt_Start                              0x00002d50   Section        0  iwdg.o(i.Wdt_Start)
    i._HidePinInit                           0x00002d60   Section        0  system_hc32l13x.o(i._HidePinInit)
    _HidePinInit                             0x00002d61   Thumb Code    24  system_hc32l13x.o(i._HidePinInit)
    i._SysctrlUnlock                         0x00002d7c   Section        0  sysctrl.o(i._SysctrlUnlock)
    _SysctrlUnlock                           0x00002d7d   Thumb Code    12  sysctrl.o(i._SysctrlUnlock)
    i.__ARM_common_switch8                   0x00002d94   Section        0  sysctrl.o(i.__ARM_common_switch8)
    i.__NVIC_SetPriority                     0x00002db0   Section        0  interrupts_hc32l13x.o(i.__NVIC_SetPriority)
    __NVIC_SetPriority                       0x00002db1   Thumb Code   110  interrupts_hc32l13x.o(i.__NVIC_SetPriority)
    i.__scatterload_copy                     0x00002e28   Section       14  handlers.o(i.__scatterload_copy)
    i.__scatterload_null                     0x00002e36   Section        2  handlers.o(i.__scatterload_null)
    i.__scatterload_zeroinit                 0x00002e38   Section       14  handlers.o(i.__scatterload_zeroinit)
    i.ddl_memclr                             0x00002e46   Section        0  ddl.o(i.ddl_memclr)
    i.delay10us                              0x00002e68   Section        0  ddl.o(i.delay10us)
    i.iap_load_app                           0x00002ec4   Section        0  flash_iap.o(i.iap_load_app)
    i.main                                   0x00002ef4   Section        0  main.o(i.main)
    .constdata                               0x00002f34   Section       32  flash.o(.constdata)
    .constdata                               0x00002f54   Section        8  uart.o(.constdata)
    .constdata                               0x00002f5c   Section       24  sysctrl.o(.constdata)
    .constdata                               0x00002f74   Section       34  main.o(.constdata)
    .constdata                               0x00002f96   Section      256  crc-8.o(.constdata)
    .data                                    0x20000000   Section        4  system_hc32l13x.o(.data)
    .data                                    0x20000004   Section        6  main.o(.data)
    .data                                    0x2000000c   Section       15  eeprom.o(.data)
    .data                                    0x2000001c   Section        4  flash_iap.o(.data)
    .data                                    0x20000020   Section        7  led.o(.data)
    .data                                    0x20000027   Section        2  uart_main.o(.data)
    .data                                    0x20000029   Section        2  uart_reader.o(.data)
    .data                                    0x2000002b   Section        3  voltage.o(.data)
    .data                                    0x20000030   Section        8  timer.o(.data)
    .bss                                     0x20000038   Section     1505  main.o(.bss)
    STACK                                    0x20000620   Section      512  startup_hc32l13x.o(STACK)

    Global Symbols

    Symbol Name                              Value     Ov Type        Size  Object(Section)

    BuildAttributes$$THM_ISAv3M$S$PE$A:L22$X:L11$S22$IEEE1$IW$USESV6$~STKCKD$USESV7$~SHL$OTIME$ROPI$IEEEJ$EBA8$MICROLIB$REQ8$PRES8$EABIv2 0x00000000   Number         0  anon$$obj.o ABSOLUTE
    __ARM_use_no_argv                        0x00000000   Number         0  main.o ABSOLUTE
    __Vectors                                0x00000000   Data           0  startup_hc32l13x.o(RESET)
    __use_no_errno                           0x00000000   Number         0  useno.o ABSOLUTE
    __use_no_exception_handling              0x00000000   Number         0  useno.o ABSOLUTE
    __use_no_fp                              0x00000000   Number         0  useno.o ABSOLUTE
    __use_no_heap                            0x00000000   Number         0  useno.o ABSOLUTE
    __use_no_heap_region                     0x00000000   Number         0  useno.o ABSOLUTE
    __use_no_semihosting                     0x00000000   Number         0  useno.o ABSOLUTE
    __use_no_semihosting_swi                 0x00000000   Number         0  useno.o ABSOLUTE
    __use_no_signal_handling                 0x00000000   Number         0  useno.o ABSOLUTE
    Adc_IRQHandler                            - Undefined Weak Reference
    ClkTrim_IRQHandler                        - Undefined Weak Reference
    Dmac_IRQHandler                           - Undefined Weak Reference
    Flash_IRQHandler                          - Undefined Weak Reference
    I2c0_IRQHandler                           - Undefined Weak Reference
    I2c1_IRQHandler                           - Undefined Weak Reference
    Lcd_IRQHandler                            - Undefined Weak Reference
    LpUart0_IRQHandler                        - Undefined Weak Reference
    LpUart1_IRQHandler                        - Undefined Weak Reference
    Lvd_IRQHandler                            - Undefined Weak Reference
    Pca_IRQHandler                            - Undefined Weak Reference
    Pcnt_IRQHandler                           - Undefined Weak Reference
    PortA_IRQHandler                          - Undefined Weak Reference
    PortD_IRQHandler                          - Undefined Weak Reference
    Ram_IRQHandler                            - Undefined Weak Reference
    Rtc_IRQHandler                            - Undefined Weak Reference
    Spi0_IRQHandler                           - Undefined Weak Reference
    Spi1_IRQHandler                           - Undefined Weak Reference
    SysTick_IRQHandler                        - Undefined Weak Reference
    Tim1_IRQHandler                           - Undefined Weak Reference
    Tim2_IRQHandler                           - Undefined Weak Reference
    Tim3_IRQHandler                           - Undefined Weak Reference
    Tim4_IRQHandler                           - Undefined Weak Reference
    Tim5_IRQHandler                           - Undefined Weak Reference
    Tim6_IRQHandler                           - Undefined Weak Reference
    Uart1_IRQHandler                          - Undefined Weak Reference
    Vc0_IRQHandler                            - Undefined Weak Reference
    Vc1_IRQHandler                            - Undefined Weak Reference
    __cpp_initialize__aeabi_                  - Undefined Weak Reference
    __cxa_finalize                            - Undefined Weak Reference
    __decompress                              - Undefined Weak Reference
    _clock_init                               - Undefined Weak Reference
    _microlib_exit                            - Undefined Weak Reference
    __Vectors_End                            0x000000c0   Data           0  startup_hc32l13x.o(RESET)
    __Vectors_Size                           0x000000c0   Number         0  startup_hc32l13x.o ABSOLUTE
    __main                                   0x000000c1   Thumb Code     0  entry.o(.ARM.Collect$$$$00000000)
    _main_stk                                0x000000c1   Thumb Code     0  entry2.o(.ARM.Collect$$$$00000001)
    _main_scatterload                        0x000000c5   Thumb Code     0  entry5.o(.ARM.Collect$$$$00000004)
    __main_after_scatterload                 0x000000c9   Thumb Code     0  entry5.o(.ARM.Collect$$$$00000004)
    _main_clock                              0x000000c9   Thumb Code     0  entry7b.o(.ARM.Collect$$$$00000008)
    _main_cpp_init                           0x000000c9   Thumb Code     0  entry8b.o(.ARM.Collect$$$$0000000A)
    _main_init                               0x000000c9   Thumb Code     0  entry9a.o(.ARM.Collect$$$$0000000B)
    __rt_final_cpp                           0x000000d1   Thumb Code     0  entry10a.o(.ARM.Collect$$$$0000000D)
    __rt_final_exit                          0x000000d1   Thumb Code     0  entry11a.o(.ARM.Collect$$$$0000000F)
    MSR_MSP                                  0x000000d5   Thumb Code     6  flash_iap.o(.emb_text)
    WFI_SET                                  0x000000db   Thumb Code     2  flash_iap.o(.emb_text)
    INTX_DISABLE                             0x000000dd   Thumb Code     4  flash_iap.o(.emb_text)
    INTX_ENABLE                              0x000000e1   Thumb Code     4  flash_iap.o(.emb_text)
    Reset_Handler                            0x000000e5   Thumb Code    26  startup_hc32l13x.o(.text)
    NMI_Handler                              0x000000ff   Thumb Code     2  startup_hc32l13x.o(.text)
    SVC_Handler                              0x00000103   Thumb Code     2  startup_hc32l13x.o(.text)
    PendSV_Handler                           0x00000105   Thumb Code     2  startup_hc32l13x.o(.text)
    __aeabi_uidiv                            0x00000121   Thumb Code     0  uidiv.o(.text)
    __aeabi_uidivmod                         0x00000121   Thumb Code    44  uidiv.o(.text)
    __aeabi_memcpy                           0x0000014d   Thumb Code    36  memcpya.o(.text)
    __aeabi_memcpy4                          0x0000014d   Thumb Code     0  memcpya.o(.text)
    __aeabi_memcpy8                          0x0000014d   Thumb Code     0  memcpya.o(.text)
    __aeabi_memset                           0x00000171   Thumb Code    14  memseta.o(.text)
    __aeabi_memset4                          0x00000171   Thumb Code     0  memseta.o(.text)
    __aeabi_memset8                          0x00000171   Thumb Code     0  memseta.o(.text)
    __aeabi_memclr                           0x0000017f   Thumb Code     4  memseta.o(.text)
    __aeabi_memclr4                          0x0000017f   Thumb Code     0  memseta.o(.text)
    __aeabi_memclr8                          0x0000017f   Thumb Code     0  memseta.o(.text)
    _memset$wrapper                          0x00000183   Thumb Code    18  memseta.o(.text)
    __aeabi_fadd                             0x00000195   Thumb Code   162  fadd.o(.text)
    __aeabi_fsub                             0x00000237   Thumb Code     8  fadd.o(.text)
    __aeabi_frsub                            0x0000023f   Thumb Code     8  fadd.o(.text)
    __aeabi_fdiv                             0x00000247   Thumb Code   124  fdiv.o(.text)
    __aeabi_ui2f                             0x000002c3   Thumb Code    14  ffltui.o(.text)
    __aeabi_f2uiz                            0x000002d1   Thumb Code    40  ffixui.o(.text)
    __I$use$fp                               0x000002f9   Thumb Code     0  iusefp.o(.text)
    _float_round                             0x000002f9   Thumb Code    16  fepilogue.o(.text)
    _float_epilogue                          0x00000309   Thumb Code   114  fepilogue.o(.text)
    __scatterload                            0x0000037d   Thumb Code    28  init.o(.text)
    __scatterload_rt2                        0x0000037d   Thumb Code     0  init.o(.text)
    main                                     0x000003a1   Thumb Code    14  system_hc32l13x.o(i.$Sub$$main)
    ADC_IRQHandler                           0x000003af   Thumb Code     8  interrupts_hc32l13x.o(i.ADC_IRQHandler)
    AutoEmptyUART0ReceiveBuf                 0x000003b9   Thumb Code    30  uart_main.o(i.AutoEmptyUART0ReceiveBuf)
    AutoReceiveUartReaderSourceData          0x000003e1   Thumb Code  1796  uart_reader.o(i.AutoReceiveUartReaderSourceData)
    AutoTurnOnDiscernLightDeal               0x00000af9   Thumb Code    12  uart_main.o(i.AutoTurnOnDiscernLightDeal)
    Bt_ClearIntFlag                          0x00000b05   Thumb Code    22  bt.o(i.Bt_ClearIntFlag)
    Bt_GetIntFlag                            0x00000b21   Thumb Code    24  bt.o(i.Bt_GetIntFlag)
    Bt_M0_ARRSet                             0x00000b3d   Thumb Code    26  bt.o(i.Bt_M0_ARRSet)
    Bt_M0_Cnt16Set                           0x00000b5d   Thumb Code    26  bt.o(i.Bt_M0_Cnt16Set)
    Bt_M0_Run                                0x00000b7d   Thumb Code    24  bt.o(i.Bt_M0_Run)
    Bt_M0_Stop                               0x00000b99   Thumb Code    22  bt.o(i.Bt_M0_Stop)
    Bt_Mode0_EnableIrq                       0x00000bb5   Thumb Code    24  bt.o(i.Bt_Mode0_EnableIrq)
    Bt_Mode0_Init                            0x00000bd1   Thumb Code   148  bt.o(i.Bt_Mode0_Init)
    CLKTRIM_IRQHandler                       0x00000c69   Thumb Code     8  interrupts_hc32l13x.o(i.CLKTRIM_IRQHandler)
    CheckVoltageIOInit                       0x00000c71   Thumb Code    68  voltage.o(i.CheckVoltageIOInit)
    CheckVoltageIO_LEVEL_READ                0x00000cb9   Thumb Code    26  voltage.o(i.CheckVoltageIO_LEVEL_READ)
    DMAC_IRQHandler                          0x00000cd3   Thumb Code     8  interrupts_hc32l13x.o(i.DMAC_IRQHandler)
    Delay_ms                                 0x00000cdb   Thumb Code    24  delay.o(i.Delay_ms)
    Delay_us                                 0x00000cf3   Thumb Code    12  delay.o(i.Delay_us)
    DiscernPowerControl                      0x00000cff   Thumb Code    32  voltage.o(i.DiscernPowerControl)
    DiscernPowerIOInit                       0x00000d1f   Thumb Code    42  voltage.o(i.DiscernPowerIOInit)
    Dma_ClrStat                              0x00000d49   Thumb Code    20  dmac.o(i.Dma_ClrStat)
    Dma_DisableChannel                       0x00000d61   Thumb Code    18  dmac.o(i.Dma_DisableChannel)
    Dma_Enable                               0x00000d79   Thumb Code    16  dmac.o(i.Dma_Enable)
    Dma_EnableChannel                        0x00000d8d   Thumb Code    20  dmac.o(i.Dma_EnableChannel)
    Dma_GetStat                              0x00000da5   Thumb Code    18  dmac.o(i.Dma_GetStat)
    Dma_InitChannel                          0x00000dbd   Thumb Code   150  dmac.o(i.Dma_InitChannel)
    EepromInit                               0x00000e5d   Thumb Code    66  eeprom.o(i.EepromInit)
    EepromReadImportantInfo                  0x00000eb1   Thumb Code   188  eeprom.o(i.EepromReadImportantInfo)
    EepromSaveImportantInfo                  0x00000f79   Thumb Code   322  eeprom.o(i.EepromSaveImportantInfo)
    EmptyUART0ReceiveBuf                     0x000010d1   Thumb Code    46  uart_main.o(i.EmptyUART0ReceiveBuf)
    EnableNvic                               0x00001105   Thumb Code   120  interrupts_hc32l13x.o(i.EnableNvic)
    FLASH_RAM_IRQHandler                     0x00001185   Thumb Code    12  interrupts_hc32l13x.o(i.FLASH_RAM_IRQHandler)
    FlashWriteData                           0x00001191   Thumb Code   236  eeprom.o(i.FlashWriteData)
    Flash_Init                               0x00001281   Thumb Code   188  flash.o(i.Flash_Init)
    Flash_LockAll                            0x0000134d   Thumb Code    16  flash.o(i.Flash_LockAll)
    Flash_SectorErase                        0x00001369   Thumb Code   158  flash.o(i.Flash_SectorErase)
    Flash_UnlockAll                          0x00001419   Thumb Code    18  flash.o(i.Flash_UnlockAll)
    Flash_WaitCycle                          0x00001439   Thumb Code    38  flash.o(i.Flash_WaitCycle)
    Flash_WriteHalfWord                      0x0000146d   Thumb Code   158  flash.o(i.Flash_WriteHalfWord)
    GetBit                                   0x0000151d   Thumb Code    12  ddl.o(i.GetBit)
    GetFlashSize                             0x00001529   Thumb Code    16  eeprom.o(i.GetFlashSize)
    Get_Crc8_LookUp                          0x00001539   Thumb Code    36  crc-8.o(i.Get_Crc8_LookUp)
    Gpio_ClearIrq                            0x0000155d   Thumb Code    22  gpio.o(i.Gpio_ClearIrq)
    Gpio_ClrIO                               0x00001579   Thumb Code    22  gpio.o(i.Gpio_ClrIO)
    Gpio_EnableIrq                           0x00001595   Thumb Code    30  gpio.o(i.Gpio_EnableIrq)
    Gpio_GetInputIO                          0x000015b9   Thumb Code    18  gpio.o(i.Gpio_GetInputIO)
    Gpio_GetIrqStatus                        0x000015d1   Thumb Code    18  gpio.o(i.Gpio_GetIrqStatus)
    Gpio_Init                                0x000015e9   Thumb Code   130  gpio.o(i.Gpio_Init)
    Gpio_SetAfMode                           0x00001679   Thumb Code    16  gpio.o(i.Gpio_SetAfMode)
    Gpio_SetIO                               0x0000168d   Thumb Code    22  gpio.o(i.Gpio_SetIO)
    HardFault_Handler                        0x000016a9   Thumb Code    54  interrupts_hc32l13x.o(i.HardFault_Handler)
    I2C0_IRQHandler                          0x000016e9   Thumb Code     8  interrupts_hc32l13x.o(i.I2C0_IRQHandler)
    I2C1_IRQHandler                          0x000016f1   Thumb Code     8  interrupts_hc32l13x.o(i.I2C1_IRQHandler)
    LCD_IRQHandler                           0x000016f9   Thumb Code     8  interrupts_hc32l13x.o(i.LCD_IRQHandler)
    LEDAutoJump                              0x00001701   Thumb Code    50  led.o(i.LEDAutoJump)
    LEDAutoLamp                              0x00001739   Thumb Code   232  led.o(i.LEDAutoLamp)
    LEDIOInit                                0x00001825   Thumb Code    82  led.o(i.LEDIOInit)
    LEDOnOrOff                               0x0000187d   Thumb Code   134  led.o(i.LEDOnOrOff)
    LPTIM_IRQHandler                         0x00001903   Thumb Code     8  interrupts_hc32l13x.o(i.LPTIM_IRQHandler)
    LPUART0_IRQHandler                       0x0000190b   Thumb Code     8  interrupts_hc32l13x.o(i.LPUART0_IRQHandler)
    LPUART1_IRQHandler                       0x00001913   Thumb Code     8  interrupts_hc32l13x.o(i.LPUART1_IRQHandler)
    LVD_IRQHandler                           0x0000191b   Thumb Code     8  interrupts_hc32l13x.o(i.LVD_IRQHandler)
    LowPowerModeConfig                       0x00001923   Thumb Code   144  voltage.o(i.LowPowerModeConfig)
    LpTim_IRQHandler                         0x000019b5   Thumb Code    32  voltage.o(i.LpTim_IRQHandler)
    Lpm_GotoDeepSleep                        0x000019d9   Thumb Code    30  lpm.o(i.Lpm_GotoDeepSleep)
    Lptim_ClrItStatus                        0x000019fd   Thumb Code    18  lptim.o(i.Lptim_ClrItStatus)
    Lptim_GetItStatus                        0x00001a0f   Thumb Code    16  lptim.o(i.Lptim_GetItStatus)
    MCURestart                               0x00001a21   Thumb Code    56  main.o(i.MCURestart)
    PCA_IRQHandler                           0x00001a61   Thumb Code     8  interrupts_hc32l13x.o(i.PCA_IRQHandler)
    PCNT_IRQHandler                          0x00001a69   Thumb Code     8  interrupts_hc32l13x.o(i.PCNT_IRQHandler)
    PORTA_IRQHandler                         0x00001a71   Thumb Code     8  interrupts_hc32l13x.o(i.PORTA_IRQHandler)
    PORTB_IRQHandler                         0x00001a79   Thumb Code     8  interrupts_hc32l13x.o(i.PORTB_IRQHandler)
    PORTC_IRQHandler                         0x00001a81   Thumb Code     8  interrupts_hc32l13x.o(i.PORTC_IRQHandler)
    PORTD_IRQHandler                         0x00001a89   Thumb Code     8  interrupts_hc32l13x.o(i.PORTD_IRQHandler)
    PortB_IRQHandler                         0x00001a91   Thumb Code    24  voltage.o(i.PortB_IRQHandler)
    PortC_IRQHandler                         0x00001aa9   Thumb Code     2  voltage.o(i.PortC_IRQHandler)
    RTC_IRQHandler                           0x00001aab   Thumb Code     8  interrupts_hc32l13x.o(i.RTC_IRQHandler)
    SPI0_IRQHandler                          0x00001ab3   Thumb Code     8  interrupts_hc32l13x.o(i.SPI0_IRQHandler)
    SPI1_IRQHandler                          0x00001abb   Thumb Code     8  interrupts_hc32l13x.o(i.SPI1_IRQHandler)
    SetBit                                   0x00001ac3   Thumb Code    30  ddl.o(i.SetBit)
    SetSysClockConfig                        0x00001ae1   Thumb Code    72  main.o(i.SetSysClockConfig)
    StartUpAllMcuIoInit                      0x00001b29   Thumb Code   282  main.o(i.StartUpAllMcuIoInit)
    StartUpInit                              0x00001c45   Thumb Code   332  main.o(i.StartUpInit)
    SysTick_Handler                          0x00001da5   Thumb Code     8  interrupts_hc32l13x.o(i.SysTick_Handler)
    Sysctrl_ClkSourceEnable                  0x00001dad   Thumb Code   352  sysctrl.o(i.Sysctrl_ClkSourceEnable)
    Sysctrl_GetHClkFreq                      0x00001f19   Thumb Code   354  sysctrl.o(i.Sysctrl_GetHClkFreq)
    Sysctrl_GetPClkFreq                      0x0000208d   Thumb Code    28  sysctrl.o(i.Sysctrl_GetPClkFreq)
    Sysctrl_SetPLLFreq                       0x000020ad   Thumb Code   258  sysctrl.o(i.Sysctrl_SetPLLFreq)
    Sysctrl_SetPLLStableTime                 0x000021c1   Thumb Code    32  sysctrl.o(i.Sysctrl_SetPLLStableTime)
    Sysctrl_SetPeripheralGate                0x000021e5   Thumb Code    20  sysctrl.o(i.Sysctrl_SetPeripheralGate)
    Sysctrl_SysClkSwitch                     0x000021fd   Thumb Code    40  sysctrl.o(i.Sysctrl_SysClkSwitch)
    SystemCoreClockUpdate                    0x00002229   Thumb Code     8  system_hc32l13x.o(i.SystemCoreClockUpdate)
    SystemInit                               0x00002239   Thumb Code    56  system_hc32l13x.o(i.SystemInit)
    TIM0_IRQHandler                          0x00002279   Thumb Code     8  interrupts_hc32l13x.o(i.TIM0_IRQHandler)
    TIM1_IRQHandler                          0x00002281   Thumb Code     8  interrupts_hc32l13x.o(i.TIM1_IRQHandler)
    TIM2_IRQHandler                          0x00002289   Thumb Code     8  interrupts_hc32l13x.o(i.TIM2_IRQHandler)
    TIM3_IRQHandler                          0x00002291   Thumb Code     8  interrupts_hc32l13x.o(i.TIM3_IRQHandler)
    TIM4_IRQHandler                          0x00002299   Thumb Code     8  interrupts_hc32l13x.o(i.TIM4_IRQHandler)
    TIM5_IRQHandler                          0x000022a1   Thumb Code     8  interrupts_hc32l13x.o(i.TIM5_IRQHandler)
    TIM6_IRQHandler                          0x000022a9   Thumb Code     8  interrupts_hc32l13x.o(i.TIM6_IRQHandler)
    Tim0_IRQHandler                          0x000022b1   Thumb Code   266  timer.o(i.Tim0_IRQHandler)
    Timer0Init                               0x000023cd   Thumb Code   122  timer.o(i.Timer0Init)
    UART0_IRQHandler                         0x0000244d   Thumb Code     8  interrupts_hc32l13x.o(i.UART0_IRQHandler)
    UART1_IRQHandler                         0x00002455   Thumb Code     8  interrupts_hc32l13x.o(i.UART1_IRQHandler)
    UARTMainDeal                             0x0000245d   Thumb Code    68  uart_main.o(i.UARTMainDeal)
    USART0ForWordSendData                    0x000024a9   Thumb Code    94  uart_main.o(i.USART0ForWordSendData)
    USART0_TX_DMA_AutoClrStat                0x00002511   Thumb Code    32  uart_main.o(i.USART0_TX_DMA_AutoClrStat)
    USART0_TX_DMA_Init                       0x00002535   Thumb Code   106  uart_main.o(i.USART0_TX_DMA_Init)
    USART1ControlLight                       0x000025a1   Thumb Code   488  uart_main.o(i.USART1ControlLight)
    USART2Init                               0x000027a1   Thumb Code   272  uart_main.o(i.USART2Init)
    Uart0_IRQHandler                         0x000028b1   Thumb Code   390  uart_main.o(i.Uart0_IRQHandler)
    Uart_ClrStatus                           0x00002a4d   Thumb Code    22  uart.o(i.Uart_ClrStatus)
    Uart_EnableFunc                          0x00002a63   Thumb Code    20  uart.o(i.Uart_EnableFunc)
    Uart_EnableIrq                           0x00002a77   Thumb Code    20  uart.o(i.Uart_EnableIrq)
    Uart_GetStatus                           0x00002a8b   Thumb Code    24  uart.o(i.Uart_GetStatus)
    Uart_Init                                0x00002aa5   Thumb Code   144  uart.o(i.Uart_Init)
    Uart_ReceiveData                         0x00002b39   Thumb Code     8  uart.o(i.Uart_ReceiveData)
    UpgradeReplyCommandCreate                0x00002b41   Thumb Code   344  uart_reader.o(i.UpgradeReplyCommandCreate)
    VC0_IRQHandler                           0x00002cb1   Thumb Code     8  interrupts_hc32l13x.o(i.VC0_IRQHandler)
    VC1_IRQHandler                           0x00002cb9   Thumb Code     8  interrupts_hc32l13x.o(i.VC1_IRQHandler)
    WDT_IRQHandler                           0x00002cc1   Thumb Code     8  interrupts_hc32l13x.o(i.WDT_IRQHandler)
    WatchDogFeed                             0x00002cc9   Thumb Code    10  iwdg.o(i.WatchDogFeed)
    WatchDogInit                             0x00002cd5   Thumb Code    56  iwdg.o(i.WatchDogInit)
    Wdt_Feed                                 0x00002d15   Thumb Code    12  iwdg.o(i.Wdt_Feed)
    Wdt_IRQHandler                           0x00002d25   Thumb Code    24  iwdg.o(i.Wdt_IRQHandler)
    Wdt_IrqClr                               0x00002d41   Thumb Code    12  iwdg.o(i.Wdt_IrqClr)
    Wdt_Start                                0x00002d51   Thumb Code    12  iwdg.o(i.Wdt_Start)
    __ARM_common_switch8                     0x00002d95   Thumb Code    28  sysctrl.o(i.__ARM_common_switch8)
    __scatterload_copy                       0x00002e29   Thumb Code    14  handlers.o(i.__scatterload_copy)
    __scatterload_null                       0x00002e37   Thumb Code     2  handlers.o(i.__scatterload_null)
    __scatterload_zeroinit                   0x00002e39   Thumb Code    14  handlers.o(i.__scatterload_zeroinit)
    ddl_memclr                               0x00002e47   Thumb Code    32  ddl.o(i.ddl_memclr)
    delay10us                                0x00002e69   Thumb Code    74  ddl.o(i.delay10us)
    iap_load_app                             0x00002ec5   Thumb Code    38  flash_iap.o(i.iap_load_app)
    $Super$$main                             0x00002ef5   Thumb Code    60  main.o(i.main)
    pu32PcgTimer4M                           0x00002f34   Data          32  flash.o(.constdata)
    MCU_CONFIG_INFO_SYNC                     0x00002f74   Data          13  main.o(.constdata)
    LT8900SyncSend                           0x00002f81   Data           7  main.o(.constdata)
    K30VSyncSend                             0x00002f88   Data           7  main.o(.constdata)
    K30VSyncReveive                          0x00002f8f   Data           7  main.o(.constdata)
    CRC_8_TAB                                0x00002f96   Data         256  crc-8.o(.constdata)
    Region$$Table$$Base                      0x00003098   Number         0  anon$$obj.o(Region$$Table)
    Region$$Table$$Limit                     0x000030b8   Number         0  anon$$obj.o(Region$$Table)
    SystemCoreClock                          0x20000000   Data           4  system_hc32l13x.o(.data)
    ErrorFlag                                0x20000004   Data           1  main.o(.data)
    iap_load_app_status                      0x20000005   Data           1  main.o(.data)
    CurrentChannelTemp                       0x20000006   Data           1  main.o(.data)
    MainNum                                  0x20000007   Data           3  main.o(.data)
    FLASH_EEPROM_BASE_ADDR                   0x2000000c   Data           4  eeprom.o(.data)
    FLASH_EEPROM_MAX_ADDR                    0x20000010   Data           4  eeprom.o(.data)
    FLASH_EEPROM_MCU_INFO_BASE_ADDR          0x20000014   Data           4  eeprom.o(.data)
    FlashEepromAutoSaveScanf                 0x20000018   Data           2  eeprom.o(.data)
    FlashInitStatus                          0x2000001a   Data           1  eeprom.o(.data)
    Jump_To_Application                      0x2000001c   Data           4  flash_iap.o(.data)
    LEDIOInitStatus                          0x20000020   Data           1  led.o(.data)
    LEDAutoJumpStatus                        0x20000021   Data           3  led.o(.data)
    LEDAutoLampStatus                        0x20000024   Data           3  led.o(.data)
    UARRT0_SendByteStatus                    0x20000027   Data           1  uart_main.o(.data)
    UartUserSwitch                           0x20000028   Data           1  uart_main.o(.data)
    UARRT1_SendByteStatus                    0x20000029   Data           1  uart_reader.o(.data)
    ReceiveRebootCount                       0x2000002a   Data           1  uart_reader.o(.data)
    CheckVoltageIOInitStatus                 0x2000002b   Data           1  voltage.o(.data)
    CheckVoltageIOStatus                     0x2000002c   Data           1  voltage.o(.data)
    PortB_IRQHandledr                        0x2000002d   Data           1  voltage.o(.data)
    Timer0Count                              0x20000030   Data           8  timer.o(.data)
    McuWorkInfo                              0x20000038   Data        1416  main.o(.bss)
    McuConfigInfo                            0x200005c0   Data          89  main.o(.bss)
    __initial_sp                             0x20000820   Data           0  startup_hc32l13x.o(STACK)



==============================================================================

Memory Map of the image

  Image Entry point : 0x000000c1

  Load Region LR_IROM1 (Base: 0x00000000, Size: 0x000030f0, Max: 0x00010000, ABSOLUTE)

    Execution Region ER_IROM1 (Exec base: 0x00000000, Load base: 0x00000000, Size: 0x000030b8, Max: 0x00010000, ABSOLUTE)

    Exec Addr    Load Addr    Size         Type   Attr      Idx    E Section Name        Object

    0x00000000   0x00000000   0x000000c0   Data   RO          347    RESET               startup_hc32l13x.o
    0x000000c0   0x000000c0   0x00000000   Code   RO         5958  * .ARM.Collect$$$$00000000  mc_p.l(entry.o)
    0x000000c0   0x000000c0   0x00000004   Code   RO         6009    .ARM.Collect$$$$00000001  mc_p.l(entry2.o)
    0x000000c4   0x000000c4   0x00000004   Code   RO         6012    .ARM.Collect$$$$00000004  mc_p.l(entry5.o)
    0x000000c8   0x000000c8   0x00000000   Code   RO         6014    .ARM.Collect$$$$00000008  mc_p.l(entry7b.o)
    0x000000c8   0x000000c8   0x00000000   Code   RO         6016    .ARM.Collect$$$$0000000A  mc_p.l(entry8b.o)
    0x000000c8   0x000000c8   0x00000008   Code   RO         6017    .ARM.Collect$$$$0000000B  mc_p.l(entry9a.o)
    0x000000d0   0x000000d0   0x00000000   Code   RO         6019    .ARM.Collect$$$$0000000D  mc_p.l(entry10a.o)
    0x000000d0   0x000000d0   0x00000000   Code   RO         6021    .ARM.Collect$$$$0000000F  mc_p.l(entry11a.o)
    0x000000d0   0x000000d0   0x00000004   Code   RO         6010    .ARM.Collect$$$$00002712  mc_p.l(entry2.o)
    0x000000d4   0x000000d4   0x00000010   Code   RO         2105    .emb_text           flash_iap.o
    0x000000e4   0x000000e4   0x0000003c   Code   RO          348    .text               startup_hc32l13x.o
    0x00000120   0x00000120   0x0000002c   Code   RO         5961    .text               mc_p.l(uidiv.o)
    0x0000014c   0x0000014c   0x00000024   Code   RO         5975    .text               mc_p.l(memcpya.o)
    0x00000170   0x00000170   0x00000024   Code   RO         5977    .text               mc_p.l(memseta.o)
    0x00000194   0x00000194   0x000000b2   Code   RO         5981    .text               mf_p.l(fadd.o)
    0x00000246   0x00000246   0x0000007c   Code   RO         5985    .text               mf_p.l(fdiv.o)
    0x000002c2   0x000002c2   0x0000000e   Code   RO         5995    .text               mf_p.l(ffltui.o)
    0x000002d0   0x000002d0   0x00000028   Code   RO         5999    .text               mf_p.l(ffixui.o)
    0x000002f8   0x000002f8   0x00000000   Code   RO         6032    .text               mc_p.l(iusefp.o)
    0x000002f8   0x000002f8   0x00000082   Code   RO         6033    .text               mf_p.l(fepilogue.o)
    0x0000037a   0x0000037a   0x00000002   PAD
    0x0000037c   0x0000037c   0x00000024   Code   RO         6042    .text               mc_p.l(init.o)
    0x000003a0   0x000003a0   0x0000000e   Code   RO          288    i.$Sub$$main        system_hc32l13x.o
    0x000003ae   0x000003ae   0x00000008   Code   RO            3    i.ADC_IRQHandler    interrupts_hc32l13x.o
    0x000003b6   0x000003b6   0x00000002   PAD
    0x000003b8   0x000003b8   0x00000028   Code   RO         2188    i.AutoEmptyUART0ReceiveBuf  uart_main.o
    0x000003e0   0x000003e0   0x00000718   Code   RO         2281    i.AutoReceiveUartReaderSourceData  uart_reader.o
    0x00000af8   0x00000af8   0x0000000c   Code   RO         2189    i.AutoTurnOnDiscernLightDeal  uart_main.o
    0x00000b04   0x00000b04   0x0000001c   Code   RO         1468    i.Bt_ClearIntFlag   bt.o
    0x00000b20   0x00000b20   0x0000001c   Code   RO         1469    i.Bt_GetIntFlag     bt.o
    0x00000b3c   0x00000b3c   0x00000020   Code   RO         1470    i.Bt_M0_ARRSet      bt.o
    0x00000b5c   0x00000b5c   0x00000020   Code   RO         1472    i.Bt_M0_Cnt16Set    bt.o
    0x00000b7c   0x00000b7c   0x0000001c   Code   RO         1476    i.Bt_M0_Run         bt.o
    0x00000b98   0x00000b98   0x0000001c   Code   RO         1477    i.Bt_M0_Stop        bt.o
    0x00000bb4   0x00000bb4   0x0000001c   Code   RO         1510    i.Bt_Mode0_EnableIrq  bt.o
    0x00000bd0   0x00000bd0   0x00000098   Code   RO         1511    i.Bt_Mode0_Init     bt.o
    0x00000c68   0x00000c68   0x00000008   Code   RO            4    i.CLKTRIM_IRQHandler  interrupts_hc32l13x.o
    0x00000c70   0x00000c70   0x00000048   Code   RO         2368    i.CheckVoltageIOInit  voltage.o
    0x00000cb8   0x00000cb8   0x0000001a   Code   RO         2369    i.CheckVoltageIO_LEVEL_READ  voltage.o
    0x00000cd2   0x00000cd2   0x00000008   Code   RO            5    i.DMAC_IRQHandler   interrupts_hc32l13x.o
    0x00000cda   0x00000cda   0x00000018   Code   RO         1960    i.Delay_ms          delay.o
    0x00000cf2   0x00000cf2   0x0000000c   Code   RO         1961    i.Delay_us          delay.o
    0x00000cfe   0x00000cfe   0x00000020   Code   RO         2370    i.DiscernPowerControl  voltage.o
    0x00000d1e   0x00000d1e   0x0000002a   Code   RO         2371    i.DiscernPowerIOInit  voltage.o
    0x00000d48   0x00000d48   0x00000018   Code   RO          462    i.Dma_ClrStat       dmac.o
    0x00000d60   0x00000d60   0x00000018   Code   RO          464    i.Dma_DisableChannel  dmac.o
    0x00000d78   0x00000d78   0x00000014   Code   RO          468    i.Dma_Enable        dmac.o
    0x00000d8c   0x00000d8c   0x00000018   Code   RO          469    i.Dma_EnableChannel  dmac.o
    0x00000da4   0x00000da4   0x00000018   Code   RO          473    i.Dma_GetStat       dmac.o
    0x00000dbc   0x00000dbc   0x000000a0   Code   RO          475    i.Dma_InitChannel   dmac.o
    0x00000e5c   0x00000e5c   0x00000054   Code   RO         2050    i.EepromInit        eeprom.o
    0x00000eb0   0x00000eb0   0x000000c8   Code   RO         2051    i.EepromReadImportantInfo  eeprom.o
    0x00000f78   0x00000f78   0x00000158   Code   RO         2052    i.EepromSaveImportantInfo  eeprom.o
    0x000010d0   0x000010d0   0x00000034   Code   RO         2190    i.EmptyUART0ReceiveBuf  uart_main.o
    0x00001104   0x00001104   0x00000080   Code   RO            6    i.EnableNvic        interrupts_hc32l13x.o
    0x00001184   0x00001184   0x0000000c   Code   RO            7    i.FLASH_RAM_IRQHandler  interrupts_hc32l13x.o
    0x00001190   0x00001190   0x000000f0   Code   RO         2053    i.FlashWriteData    eeprom.o
    0x00001280   0x00001280   0x000000cc   Code   RO          638    i.Flash_Init        flash.o
    0x0000134c   0x0000134c   0x0000001c   Code   RO          639    i.Flash_LockAll     flash.o
    0x00001368   0x00001368   0x000000b0   Code   RO          641    i.Flash_SectorErase  flash.o
    0x00001418   0x00001418   0x00000020   Code   RO          642    i.Flash_UnlockAll   flash.o
    0x00001438   0x00001438   0x00000034   Code   RO          643    i.Flash_WaitCycle   flash.o
    0x0000146c   0x0000146c   0x000000b0   Code   RO          645    i.Flash_WriteHalfWord  flash.o
    0x0000151c   0x0000151c   0x0000000c   Code   RO          357    i.GetBit            ddl.o
    0x00001528   0x00001528   0x00000010   Code   RO         2054    i.GetFlashSize      eeprom.o
    0x00001538   0x00001538   0x00000024   Code   RO         2030    i.Get_Crc8_LookUp   crc-8.o
    0x0000155c   0x0000155c   0x0000001c   Code   RO          741    i.Gpio_ClearIrq     gpio.o
    0x00001578   0x00001578   0x0000001c   Code   RO          742    i.Gpio_ClrIO        gpio.o
    0x00001594   0x00001594   0x00000024   Code   RO          745    i.Gpio_EnableIrq    gpio.o
    0x000015b8   0x000015b8   0x00000018   Code   RO          747    i.Gpio_GetInputIO   gpio.o
    0x000015d0   0x000015d0   0x00000018   Code   RO          748    i.Gpio_GetIrqStatus  gpio.o
    0x000015e8   0x000015e8   0x00000090   Code   RO          749    i.Gpio_Init         gpio.o
    0x00001678   0x00001678   0x00000014   Code   RO          751    i.Gpio_SetAfMode    gpio.o
    0x0000168c   0x0000168c   0x0000001c   Code   RO          754    i.Gpio_SetIO        gpio.o
    0x000016a8   0x000016a8   0x00000040   Code   RO            8    i.HardFault_Handler  interrupts_hc32l13x.o
    0x000016e8   0x000016e8   0x00000008   Code   RO            9    i.I2C0_IRQHandler   interrupts_hc32l13x.o
    0x000016f0   0x000016f0   0x00000008   Code   RO           10    i.I2C1_IRQHandler   interrupts_hc32l13x.o
    0x000016f8   0x000016f8   0x00000008   Code   RO           11    i.LCD_IRQHandler    interrupts_hc32l13x.o
    0x00001700   0x00001700   0x00000038   Code   RO         2140    i.LEDAutoJump       led.o
    0x00001738   0x00001738   0x000000ec   Code   RO         2141    i.LEDAutoLamp       led.o
    0x00001824   0x00001824   0x00000058   Code   RO         2142    i.LEDIOInit         led.o
    0x0000187c   0x0000187c   0x00000086   Code   RO         2143    i.LEDOnOrOff        led.o
    0x00001902   0x00001902   0x00000008   Code   RO           12    i.LPTIM_IRQHandler  interrupts_hc32l13x.o
    0x0000190a   0x0000190a   0x00000008   Code   RO           13    i.LPUART0_IRQHandler  interrupts_hc32l13x.o
    0x00001912   0x00001912   0x00000008   Code   RO           14    i.LPUART1_IRQHandler  interrupts_hc32l13x.o
    0x0000191a   0x0000191a   0x00000008   Code   RO           15    i.LVD_IRQHandler    interrupts_hc32l13x.o
    0x00001922   0x00001922   0x00000090   Code   RO         2372    i.LowPowerModeConfig  voltage.o
    0x000019b2   0x000019b2   0x00000002   PAD
    0x000019b4   0x000019b4   0x00000024   Code   RO         2373    i.LpTim_IRQHandler  voltage.o
    0x000019d8   0x000019d8   0x00000024   Code   RO         1434    i.Lpm_GotoDeepSleep  lpm.o
    0x000019fc   0x000019fc   0x00000012   Code   RO         1383    i.Lptim_ClrItStatus  lptim.o
    0x00001a0e   0x00001a0e   0x00000010   Code   RO         1386    i.Lptim_GetItStatus  lptim.o
    0x00001a1e   0x00001a1e   0x00000002   PAD
    0x00001a20   0x00001a20   0x00000040   Code   RO         1801    i.MCURestart        main.o
    0x00001a60   0x00001a60   0x00000008   Code   RO           16    i.PCA_IRQHandler    interrupts_hc32l13x.o
    0x00001a68   0x00001a68   0x00000008   Code   RO           17    i.PCNT_IRQHandler   interrupts_hc32l13x.o
    0x00001a70   0x00001a70   0x00000008   Code   RO           18    i.PORTA_IRQHandler  interrupts_hc32l13x.o
    0x00001a78   0x00001a78   0x00000008   Code   RO           19    i.PORTB_IRQHandler  interrupts_hc32l13x.o
    0x00001a80   0x00001a80   0x00000008   Code   RO           20    i.PORTC_IRQHandler  interrupts_hc32l13x.o
    0x00001a88   0x00001a88   0x00000008   Code   RO           21    i.PORTD_IRQHandler  interrupts_hc32l13x.o
    0x00001a90   0x00001a90   0x00000018   Code   RO         2374    i.PortB_IRQHandler  voltage.o
    0x00001aa8   0x00001aa8   0x00000002   Code   RO         2375    i.PortC_IRQHandler  voltage.o
    0x00001aaa   0x00001aaa   0x00000008   Code   RO           22    i.RTC_IRQHandler    interrupts_hc32l13x.o
    0x00001ab2   0x00001ab2   0x00000008   Code   RO           23    i.SPI0_IRQHandler   interrupts_hc32l13x.o
    0x00001aba   0x00001aba   0x00000008   Code   RO           24    i.SPI1_IRQHandler   interrupts_hc32l13x.o
    0x00001ac2   0x00001ac2   0x0000001e   Code   RO          359    i.SetBit            ddl.o
    0x00001ae0   0x00001ae0   0x00000048   Code   RO         1802    i.SetSysClockConfig  main.o
    0x00001b28   0x00001b28   0x0000011a   Code   RO         1803    i.StartUpAllMcuIoInit  main.o
    0x00001c42   0x00001c42   0x00000002   PAD
    0x00001c44   0x00001c44   0x00000160   Code   RO         1804    i.StartUpInit       main.o
    0x00001da4   0x00001da4   0x00000008   Code   RO           25    i.SysTick_Handler   interrupts_hc32l13x.o
    0x00001dac   0x00001dac   0x0000016c   Code   RO         1227    i.Sysctrl_ClkSourceEnable  sysctrl.o
    0x00001f18   0x00001f18   0x00000174   Code   RO         1228    i.Sysctrl_GetHClkFreq  sysctrl.o
    0x0000208c   0x0000208c   0x00000020   Code   RO         1229    i.Sysctrl_GetPClkFreq  sysctrl.o
    0x000020ac   0x000020ac   0x00000114   Code   RO         1234    i.Sysctrl_SetPLLFreq  sysctrl.o
    0x000021c0   0x000021c0   0x00000024   Code   RO         1235    i.Sysctrl_SetPLLStableTime  sysctrl.o
    0x000021e4   0x000021e4   0x00000018   Code   RO         1236    i.Sysctrl_SetPeripheralGate  sysctrl.o
    0x000021fc   0x000021fc   0x0000002c   Code   RO         1244    i.Sysctrl_SysClkSwitch  sysctrl.o
    0x00002228   0x00002228   0x00000010   Code   RO          289    i.SystemCoreClockUpdate  system_hc32l13x.o
    0x00002238   0x00002238   0x00000040   Code   RO          290    i.SystemInit        system_hc32l13x.o
    0x00002278   0x00002278   0x00000008   Code   RO           26    i.TIM0_IRQHandler   interrupts_hc32l13x.o
    0x00002280   0x00002280   0x00000008   Code   RO           27    i.TIM1_IRQHandler   interrupts_hc32l13x.o
    0x00002288   0x00002288   0x00000008   Code   RO           28    i.TIM2_IRQHandler   interrupts_hc32l13x.o
    0x00002290   0x00002290   0x00000008   Code   RO           29    i.TIM3_IRQHandler   interrupts_hc32l13x.o
    0x00002298   0x00002298   0x00000008   Code   RO           30    i.TIM4_IRQHandler   interrupts_hc32l13x.o
    0x000022a0   0x000022a0   0x00000008   Code   RO           31    i.TIM5_IRQHandler   interrupts_hc32l13x.o
    0x000022a8   0x000022a8   0x00000008   Code   RO           32    i.TIM6_IRQHandler   interrupts_hc32l13x.o
    0x000022b0   0x000022b0   0x0000011c   Code   RO         2437    i.Tim0_IRQHandler   timer.o
    0x000023cc   0x000023cc   0x00000080   Code   RO         2438    i.Timer0Init        timer.o
    0x0000244c   0x0000244c   0x00000008   Code   RO           33    i.UART0_IRQHandler  interrupts_hc32l13x.o
    0x00002454   0x00002454   0x00000008   Code   RO           34    i.UART1_IRQHandler  interrupts_hc32l13x.o
    0x0000245c   0x0000245c   0x0000004c   Code   RO         2193    i.UARTMainDeal      uart_main.o
    0x000024a8   0x000024a8   0x00000068   Code   RO         2194    i.USART0ForWordSendData  uart_main.o
    0x00002510   0x00002510   0x00000024   Code   RO         2195    i.USART0_TX_DMA_AutoClrStat  uart_main.o
    0x00002534   0x00002534   0x0000006a   Code   RO         2196    i.USART0_TX_DMA_Init  uart_main.o
    0x0000259e   0x0000259e   0x00000002   PAD
    0x000025a0   0x000025a0   0x00000200   Code   RO         2197    i.USART1ControlLight  uart_main.o
    0x000027a0   0x000027a0   0x00000110   Code   RO         2198    i.USART2Init        uart_main.o
    0x000028b0   0x000028b0   0x0000019c   Code   RO         2199    i.Uart0_IRQHandler  uart_main.o
    0x00002a4c   0x00002a4c   0x00000016   Code   RO         1108    i.Uart_ClrStatus    uart.o
    0x00002a62   0x00002a62   0x00000014   Code   RO         1111    i.Uart_EnableFunc   uart.o
    0x00002a76   0x00002a76   0x00000014   Code   RO         1112    i.Uart_EnableIrq    uart.o
    0x00002a8a   0x00002a8a   0x00000018   Code   RO         1115    i.Uart_GetStatus    uart.o
    0x00002aa2   0x00002aa2   0x00000002   PAD
    0x00002aa4   0x00002aa4   0x00000094   Code   RO         1116    i.Uart_Init         uart.o
    0x00002b38   0x00002b38   0x00000008   Code   RO         1117    i.Uart_ReceiveData  uart.o
    0x00002b40   0x00002b40   0x00000170   Code   RO         2282    i.UpgradeReplyCommandCreate  uart_reader.o
    0x00002cb0   0x00002cb0   0x00000008   Code   RO           35    i.VC0_IRQHandler    interrupts_hc32l13x.o
    0x00002cb8   0x00002cb8   0x00000008   Code   RO           36    i.VC1_IRQHandler    interrupts_hc32l13x.o
    0x00002cc0   0x00002cc0   0x00000008   Code   RO           37    i.WDT_IRQHandler    interrupts_hc32l13x.o
    0x00002cc8   0x00002cc8   0x0000000a   Code   RO         2314    i.WatchDogFeed      iwdg.o
    0x00002cd2   0x00002cd2   0x00000002   PAD
    0x00002cd4   0x00002cd4   0x00000040   Code   RO         2315    i.WatchDogInit      iwdg.o
    0x00002d14   0x00002d14   0x00000010   Code   RO         2316    i.Wdt_Feed          iwdg.o
    0x00002d24   0x00002d24   0x0000001c   Code   RO         2317    i.Wdt_IRQHandler    iwdg.o
    0x00002d40   0x00002d40   0x00000010   Code   RO         2318    i.Wdt_IrqClr        iwdg.o
    0x00002d50   0x00002d50   0x00000010   Code   RO         2319    i.Wdt_Start         iwdg.o
    0x00002d60   0x00002d60   0x0000001c   Code   RO          291    i._HidePinInit      system_hc32l13x.o
    0x00002d7c   0x00002d7c   0x00000018   Code   RO         1247    i._SysctrlUnlock    sysctrl.o
    0x00002d94   0x00002d94   0x0000001c   Code   RO         1372    i.__ARM_common_switch8  sysctrl.o
    0x00002db0   0x00002db0   0x00000078   Code   RO           38    i.__NVIC_SetPriority  interrupts_hc32l13x.o
    0x00002e28   0x00002e28   0x0000000e   Code   RO         6045    i.__scatterload_copy  mc_p.l(handlers.o)
    0x00002e36   0x00002e36   0x00000002   Code   RO         6046    i.__scatterload_null  mc_p.l(handlers.o)
    0x00002e38   0x00002e38   0x0000000e   Code   RO         6047    i.__scatterload_zeroinit  mc_p.l(handlers.o)
    0x00002e46   0x00002e46   0x00000020   Code   RO          363    i.ddl_memclr        ddl.o
    0x00002e66   0x00002e66   0x00000002   PAD
    0x00002e68   0x00002e68   0x0000005c   Code   RO          365    i.delay10us         ddl.o
    0x00002ec4   0x00002ec4   0x00000030   Code   RO         2106    i.iap_load_app      flash_iap.o
    0x00002ef4   0x00002ef4   0x00000040   Code   RO         1806    i.main              main.o
    0x00002f34   0x00002f34   0x00000020   Data   RO          647    .constdata          flash.o
    0x00002f54   0x00002f54   0x00000008   Data   RO         1123    .constdata          uart.o
    0x00002f5c   0x00002f5c   0x00000018   Data   RO         1248    .constdata          sysctrl.o
    0x00002f74   0x00002f74   0x00000022   Data   RO         1808    .constdata          main.o
    0x00002f96   0x00002f96   0x00000100   Data   RO         2031    .constdata          crc-8.o
    0x00003096   0x00003096   0x00000002   PAD
    0x00003098   0x00003098   0x00000020   Data   RO         6044    Region$$Table       anon$$obj.o


    Execution Region RW_IRAM1 (Exec base: 0x20000000, Load base: 0x000030b8, Size: 0x00000820, Max: 0x00002000, ABSOLUTE)

    Exec Addr    Load Addr    Size         Type   Attr      Idx    E Section Name        Object

    0x20000000   0x000030b8   0x00000004   Data   RW          292    .data               system_hc32l13x.o
    0x20000004   0x000030bc   0x00000006   Data   RW         1809    .data               main.o
    0x2000000a   0x000030c2   0x00000002   PAD
    0x2000000c   0x000030c4   0x0000000f   Data   RW         2055    .data               eeprom.o
    0x2000001b   0x000030d3   0x00000001   PAD
    0x2000001c   0x000030d4   0x00000004   Data   RW         2108    .data               flash_iap.o
    0x20000020   0x000030d8   0x00000007   Data   RW         2144    .data               led.o
    0x20000027   0x000030df   0x00000002   Data   RW         2200    .data               uart_main.o
    0x20000029   0x000030e1   0x00000002   Data   RW         2283    .data               uart_reader.o
    0x2000002b   0x000030e3   0x00000003   Data   RW         2376    .data               voltage.o
    0x2000002e   0x000030e6   0x00000002   PAD
    0x20000030   0x000030e8   0x00000008   Data   RW         2439    .data               timer.o
    0x20000038        -       0x000005e1   Zero   RW         1807    .bss                main.o
    0x20000619   0x000030f0   0x00000007   PAD
    0x20000620        -       0x00000200   Zero   RW          345    STACK               startup_hc32l13x.o


==============================================================================

Image component sizes


      Code (inc. data)   RO Data    RW Data    ZI Data      Debug   Object Name

       356         40          0          0          0      11496   bt.o
        36          0        256          0          0       1466   crc-8.o
       166         18          0          0          0       2783   ddl.o
        36          0          0          0          0       1002   delay.o
       276         34          0          0          0       7544   dmac.o
       884         56          0         15          0       5293   eeprom.o
       668         92         32          0          0       5736   flash.o
        64         10          0          4          0       1861   flash_iap.o
       332         54          0          0          0       8578   gpio.o
       580         28          0          0          0     146724   interrupts_hc32l13x.o
       150         24          0          0          0       2751   iwdg.o
       514         16          0          7          0       3187   led.o
        36          6          0          0          0        496   lpm.o
        34          0          0          0          0       2364   lptim.o
       834         32         34          6       1505     148251   main.o
        60         22        192          0        512        656   startup_hc32l13x.o
      1200         92         24          0          0       6637   sysctrl.o
       122         20          0          4          0       6684   system_hc32l13x.o
       412         24          0          8          0       1957   timer.o
       242          4          8          0          0       5636   uart.o
      1622         84          0          2          0       6831   uart_main.o
      2184         76          0          2          0       3117   uart_reader.o
       378          8          0          3          0       5100   voltage.o

    ----------------------------------------------------------------------
     11202        740        580         56       2024     386150   Object Totals
         0          0         32          0          0          0   (incl. Generated)
        16          0          2          5          7          0   (incl. Padding)

    ----------------------------------------------------------------------

      Code (inc. data)   RO Data    RW Data    ZI Data      Debug   Library Member Name

         0          0          0          0          0          0   entry.o
         0          0          0          0          0          0   entry10a.o
         0          0          0          0          0          0   entry11a.o
         8          4          0          0          0          0   entry2.o
         4          0          0          0          0          0   entry5.o
         0          0          0          0          0          0   entry7b.o
         0          0          0          0          0          0   entry8b.o
         8          4          0          0          0          0   entry9a.o
        30          0          0          0          0          0   handlers.o
        36          8          0          0          0         68   init.o
         0          0          0          0          0          0   iusefp.o
        36          0          0          0          0         60   memcpya.o
        36          0          0          0          0        100   memseta.o
        44          0          0          0          0         72   uidiv.o
       178          0          0          0          0        108   fadd.o
       124          0          0          0          0         72   fdiv.o
       130          0          0          0          0        144   fepilogue.o
        40          0          0          0          0         60   ffixui.o
        14          0          0          0          0         68   ffltui.o

    ----------------------------------------------------------------------
       690         16          0          0          0        752   Library Totals
         2          0          0          0          0          0   (incl. Padding)

    ----------------------------------------------------------------------

      Code (inc. data)   RO Data    RW Data    ZI Data      Debug   Library Name

       202         16          0          0          0        300   mc_p.l
       486          0          0          0          0        452   mf_p.l

    ----------------------------------------------------------------------
       690         16          0          0          0        752   Library Totals

    ----------------------------------------------------------------------

==============================================================================


      Code (inc. data)   RO Data    RW Data    ZI Data      Debug   

     11892        756        580         56       2024     380974   Grand Totals
     11892        756        580         56       2024     380974   ELF Image Totals
     11892        756        580         56          0          0   ROM Totals

==============================================================================

    Total RO  Size (Code + RO Data)                12472 (  12.18kB)
    Total RW  Size (RW Data + ZI Data)              2080 (   2.03kB)
    Total ROM Size (Code + RO Data + RW Data)      12528 (  12.23kB)

==============================================================================

